Archive member included because of file (symbol)

C:\Users\Drew\Dropbox\School\UNIVERSITY OF WASHINGTON\Homework\Year 3\Fall 2014\Operating Systems\LPC Workspace\CMSISv1p30_LPC17xx\Debug\libCMSISv1p30_LPC17xx.a(system_LPC17xx.o)
                              ./cr_startup_lpc17.o (SystemInit)
C:\Users\Drew\Dropbox\School\UNIVERSITY OF WASHINGTON\Homework\Year 3\Fall 2014\Operating Systems\LPC Workspace\FreeRTOS_Library\Debug\libFreeRTOS_Library.a(port.o)
                              ./cr_startup_lpc17.o (vPortSVCHandler)
C:\Users\Drew\Dropbox\School\UNIVERSITY OF WASHINGTON\Homework\Year 3\Fall 2014\Operating Systems\LPC Workspace\FreeRTOS_Library\Debug\libFreeRTOS_Library.a(queue.o)
                              ./main.o (xQueueGenericCreate)
C:\Users\Drew\Dropbox\School\UNIVERSITY OF WASHINGTON\Homework\Year 3\Fall 2014\Operating Systems\LPC Workspace\FreeRTOS_Library\Debug\libFreeRTOS_Library.a(tasks.o)
                              ./main.o (xTaskGenericCreate)
C:\Users\Drew\Dropbox\School\UNIVERSITY OF WASHINGTON\Homework\Year 3\Fall 2014\Operating Systems\LPC Workspace\FreeRTOS_Library\Debug\libFreeRTOS_Library.a(timers.o)
                              C:\Users\Drew\Dropbox\School\UNIVERSITY OF WASHINGTON\Homework\Year 3\Fall 2014\Operating Systems\LPC Workspace\FreeRTOS_Library\Debug\libFreeRTOS_Library.a(tasks.o) (xTimerCreateTimerTask)
C:\Users\Drew\Dropbox\School\UNIVERSITY OF WASHINGTON\Homework\Year 3\Fall 2014\Operating Systems\LPC Workspace\FreeRTOS_Library\Debug\libFreeRTOS_Library.a(heap_2.o)
                              C:\Users\Drew\Dropbox\School\UNIVERSITY OF WASHINGTON\Homework\Year 3\Fall 2014\Operating Systems\LPC Workspace\FreeRTOS_Library\Debug\libFreeRTOS_Library.a(queue.o) (pvPortMalloc)
C:\Users\Drew\Dropbox\School\UNIVERSITY OF WASHINGTON\Homework\Year 3\Fall 2014\Operating Systems\LPC Workspace\FreeRTOS_Library\Debug\libFreeRTOS_Library.a(list.o)
                              C:\Users\Drew\Dropbox\School\UNIVERSITY OF WASHINGTON\Homework\Year 3\Fall 2014\Operating Systems\LPC Workspace\FreeRTOS_Library\Debug\libFreeRTOS_Library.a(queue.o) (vListInitialise)
c:/nxp/lpcxpresso_7.4.0_229/lpcxpresso/tools/bin/../lib/gcc/arm-none-eabi/4.8.4/../../../../arm-none-eabi/lib/armv7-m\libcr_semihost.a(_cr__main.o)
                              ./cr_startup_lpc17.o (__main)
c:/nxp/lpcxpresso_7.4.0_229/lpcxpresso/tools/bin/../lib/gcc/arm-none-eabi/4.8.4/../../../../arm-none-eabi/lib/armv7-m\libcr_c.a(memcpy.o)
                              C:\Users\Drew\Dropbox\School\UNIVERSITY OF WASHINGTON\Homework\Year 3\Fall 2014\Operating Systems\LPC Workspace\FreeRTOS_Library\Debug\libFreeRTOS_Library.a(queue.o) (memcpy)
c:/nxp/lpcxpresso_7.4.0_229/lpcxpresso/tools/bin/../lib/gcc/arm-none-eabi/4.8.4/../../../../arm-none-eabi/lib/armv7-m\libcr_c.a(memset.o)
                              C:\Users\Drew\Dropbox\School\UNIVERSITY OF WASHINGTON\Homework\Year 3\Fall 2014\Operating Systems\LPC Workspace\FreeRTOS_Library\Debug\libFreeRTOS_Library.a(tasks.o) (memset)
c:/nxp/lpcxpresso_7.4.0_229/lpcxpresso/tools/bin/../lib/gcc/arm-none-eabi/4.8.4/../../../../arm-none-eabi/lib/armv7-m\libcr_c.a(fpprintf.o)
                              ./main.o (printf)
c:/nxp/lpcxpresso_7.4.0_229/lpcxpresso/tools/bin/../lib/gcc/arm-none-eabi/4.8.4/../../../../arm-none-eabi/lib/armv7-m\libcr_c.a(initio.o)
                              c:/nxp/lpcxpresso_7.4.0_229/lpcxpresso/tools/bin/../lib/gcc/arm-none-eabi/4.8.4/../../../../arm-none-eabi/lib/armv7-m\libcr_semihost.a(_cr__main.o) (_initio)
c:/nxp/lpcxpresso_7.4.0_229/lpcxpresso/tools/bin/../lib/gcc/arm-none-eabi/4.8.4/../../../../arm-none-eabi/lib/armv7-m\libcr_c.a(memcmp.o)
                              C:\Users\Drew\Dropbox\School\UNIVERSITY OF WASHINGTON\Homework\Year 3\Fall 2014\Operating Systems\LPC Workspace\FreeRTOS_Library\Debug\libFreeRTOS_Library.a(tasks.o) (memcmp)
c:/nxp/lpcxpresso_7.4.0_229/lpcxpresso/tools/bin/../lib/gcc/arm-none-eabi/4.8.4/../../../../arm-none-eabi/lib/armv7-m\libcr_c.a(printf.o)
                              c:/nxp/lpcxpresso_7.4.0_229/lpcxpresso/tools/bin/../lib/gcc/arm-none-eabi/4.8.4/../../../../arm-none-eabi/lib/armv7-m\libcr_c.a(fpprintf.o) (__vfprintf)
c:/nxp/lpcxpresso_7.4.0_229/lpcxpresso/tools/bin/../lib/gcc/arm-none-eabi/4.8.4/../../../../arm-none-eabi/lib/armv7-m\libcr_c.a(setvbuf.o)
                              c:/nxp/lpcxpresso_7.4.0_229/lpcxpresso/tools/bin/../lib/gcc/arm-none-eabi/4.8.4/../../../../arm-none-eabi/lib/armv7-m\libcr_c.a(initio.o) (setvbuf)
c:/nxp/lpcxpresso_7.4.0_229/lpcxpresso/tools/bin/../lib/gcc/arm-none-eabi/4.8.4/../../../../arm-none-eabi/lib/armv7-m\libcr_c.a(stdio.o)
                              c:/nxp/lpcxpresso_7.4.0_229/lpcxpresso/tools/bin/../lib/gcc/arm-none-eabi/4.8.4/../../../../arm-none-eabi/lib/armv7-m\libcr_c.a(fpprintf.o) (__Ciob)
[...]
Memory Configuration

Name             Origin             Length             Attributes
MFlash512        0x00000000         0x00080000         xr
RamLoc32         0x10000000         0x00008000         xrw
RamAHB32         0x2007c000         0x00008000         xrw
*default*        0x00000000         0xffffffff

Linker script and memory map

LOAD ./cr_startup_lpc17.o
LOAD ./main.o
LOAD C:\Users\Drew\Dropbox\School\UNIVERSITY OF WASHINGTON\Homework\Year 3\Fall 2014\Operating Systems\LPC Workspace\CMSISv1p30_LPC17xx\Debug\libCMSISv1p30_LPC17xx.a
LOAD C:\Users\Drew\Dropbox\School\UNIVERSITY OF WASHINGTON\Homework\Year 3\Fall 2014\Operating Systems\LPC Workspace\FreeRTOS_Library\Debug\libFreeRTOS_Library.a
START GROUP
LOAD c:/nxp/lpcxpresso_7.4.0_229/lpcxpresso/tools/bin/../lib/gcc/arm-none-eabi/4.8.4/../../../../arm-none-eabi/lib/armv7-m\libcr_semihost.a
LOAD c:/nxp/lpcxpresso_7.4.0_229/lpcxpresso/tools/bin/../lib/gcc/arm-none-eabi/4.8.4/../../../../arm-none-eabi/lib/armv7-m\libcr_c.a
LOAD c:/nxp/lpcxpresso_7.4.0_229/lpcxpresso/tools/bin/../lib/gcc/arm-none-eabi/4.8.4/armv7-m\libcr_eabihelpers.a
END GROUP
                0x00080000                __top_MFlash512 = 0x80000
                0x10008000                __top_RamLoc32 = 0x10008000
                0x20084000                __top_RamAHB32 = 0x20084000

.text           0x00000000     0x4e78
 FILL mask 0xff
                0x00000000                __vectors_start__ = ABSOLUTE (.)
 *(.isr_vector)
 .isr_vector    0x00000000       0xcc ./cr_startup_lpc17.o
                0x00000000                g_pfnVectors
                0x000000cc                . = ALIGN (0x4)
                0x000000cc                __section_table_start = .
                0x000000cc                __data_section_table = .
                0x000000cc        0x4 LONG 0x4e78 LOADADDR (.data)
                0x000000d0        0x4 LONG 0x10000000 ADDR (.data)
                0x000000d4        0x4 LONG 0xc SIZEOF (.data)
                0x000000d8        0x4 LONG 0x4e78 LOADADDR (.data_RAM2)
                0x000000dc        0x4 LONG 0x2007c000 ADDR (.data_RAM2)
                0x000000e0        0x4 LONG 0x0 SIZEOF (.data_RAM2)
                0x000000e4                __data_section_table_end = .
                0x000000e4                __bss_section_table = .
                0x000000e4        0x4 LONG 0x1000000c ADDR (.bss)
                0x000000e8        0x4 LONG 0x2ae0 SIZEOF (.bss)
                0x000000ec        0x4 LONG 0x2007c000 ADDR (.bss_RAM2)
                0x000000f0        0x4 LONG 0x0 SIZEOF (.bss_RAM2)
                0x000000f4                __bss_section_table_end = .
                0x000000f4                __section_table_end = .
 *(.after_vectors*)
 *(.text*)
 .text.NMI_Handler
                0x000000f4        0x4 ./cr_startup_lpc17.o
                0x000000f4                NMI_Handler
 .text.HardFault_Handler
                0x000000f8        0x4 ./cr_startup_lpc17.o
                0x000000f8                HardFault_Handler
 .text.MemManage_Handler
                0x000000fc        0x4 ./cr_startup_lpc17.o
                0x000000fc                MemManage_Handler
 .text.BusFault_Handler
                0x00000100        0x4 ./cr_startup_lpc17.o
                0x00000100                BusFault_Handler
 .text.UsageFault_Handler
                0x00000104        0x4 ./cr_startup_lpc17.o
                0x00000104                UsageFault_Handler
 .text.DebugMon_Handler
                0x00000108        0x4 ./cr_startup_lpc17.o
                0x00000108                DebugMon_Handler
 .text.IntDefaultHandler
                0x0000010c        0x4 ./cr_startup_lpc17.o
                0x0000010c                TIMER2_IRQHandler
                0x0000010c                RIT_IRQHandler
                0x0000010c                I2C0_IRQHandler
                0x0000010c                USBActivity_IRQHandler
                0x0000010c                PWM1_IRQHandler
                0x0000010c                I2C1_IRQHandler
                0x0000010c                EINT2_IRQHandler
                0x0000010c                UART1_IRQHandler
                0x0000010c                CANActivity_IRQHandler
                0x0000010c                TIMER3_IRQHandler
                0x0000010c                UART0_IRQHandler
                0x0000010c                IntDefaultHandler
                0x0000010c                PLL0_IRQHandler
                0x0000010c                CAN_IRQHandler
                0x0000010c                PLL1_IRQHandler
                0x0000010c                SSP0_IRQHandler
                0x0000010c                I2S_IRQHandler
                0x0000010c                I2C2_IRQHandler
                0x0000010c                RTC_IRQHandler
                0x0000010c                TIMER0_IRQHandler
                0x0000010c                SPI_IRQHandler
                0x0000010c                EINT1_IRQHandler
                0x0000010c                TIMER1_IRQHandler
                0x0000010c                UART2_IRQHandler
                0x0000010c                ADC_IRQHandler
                0x0000010c                SSP1_IRQHandler
                0x0000010c                USB_IRQHandler
                0x0000010c                BOD_IRQHandler
                0x0000010c                WDT_IRQHandler
                0x0000010c                QEI_IRQHandler
                0x0000010c                EINT0_IRQHandler
                0x0000010c                DMA_IRQHandler
                0x0000010c                UART3_IRQHandler
                0x0000010c                MCPWM_IRQHandler
                0x0000010c                ENET_IRQHandler
 .text.ResetISR
                0x00000110       0x48 ./cr_startup_lpc17.o
                0x00000110                ResetISR
 .text.prvSetupSoftwareInterrupt
                0x00000158       0x14 ./main.o
 .text.vDebounceTimerCallback
                0x0000016c       0x84 ./main.o
                0x0000016c                vDebounceTimerCallback
 .text.vFreqHandlerTask
                0x000001f0      0x12c ./main.o
 .text.vChangeLEDTask
                0x0000031c       0x70 ./main.o
 .text.vPeriodicTask
                0x0000038c       0x18 ./main.o
 .text.vPrintFreqChangeTask
                0x000003a4       0x64 ./main.o
 .text.vPrintFreqCurrentTask
                0x00000408       0x64 ./main.o
 .text.vRTCTimerCallback
                0x0000046c       0x44 ./main.o
                0x0000046c                vRTCTimerCallback
 .text.main     0x000004b0      0x230 ./main.o
                0x000004b0                main
 .text.EINT3_IRQHandler
                0x000006e0       0x58 ./main.o
                0x000006e0                EINT3_IRQHandler
 .text.vSoftwareInterruptHandler
                0x00000738       0x84 ./main.o
                0x00000738                vSoftwareInterruptHandler
 .text.vApplicationMallocFailedHook
                0x000007bc        0x4 ./main.o
                0x000007bc                vApplicationMallocFailedHook
 .text.vApplicationStackOverflowHook
                0x000007c0        0x4 ./main.o
                0x000007c0                vApplicationStackOverflowHook
 .text.vApplicationIdleHook
                0x000007c4        0x4 ./main.o
                0x000007c4                vApplicationIdleHook
 .text.vApplicationTickHook
                0x000007c8        0x4 ./main.o
                0x000007c8                vApplicationTickHook
 .text.SystemInit
                0x000007cc       0xec C:\Users\Drew\Dropbox\School\UNIVERSITY OF WASHINGTON\Homework\Year 3\Fall 2014\Operating Systems\LPC Workspace\CMSISv1p30_LPC17xx\Debug\libCMSISv1p30_LPC17xx.a(system_LPC17xx.o)
                0x000007cc                SystemInit
 .text          0x000008b8      0x260 C:\Users\Drew\Dropbox\School\UNIVERSITY OF WASHINGTON\Homework\Year 3\Fall 2014\Operating Systems\LPC Workspace\FreeRTOS_Library\Debug\libFreeRTOS_Library.a(port.o)
                0x000008d0                pxPortInitialiseStack
                0x000008f0                vPortSVCHandler
                0x00000914                vPortYield
                0x0000092c                ulPortSetInterruptMask
                0x00000958                vPortEndScheduler
                0x00000970                vPortEnterCritical
                0x0000098c                vPortClearInterruptMask
                0x00000994                vPortExitCritical
                0x000009b8                xPortPendSVHandler
                0x000009fc                xPortSysTickHandler
                0x00000a1c                vPortSetupTimerInterrupt
                0x00000a34                xPortStartScheduler
                0x00000ad0                vPortValidateInterruptPriority
 .text          0x00000b18      0x6b8 C:\Users\Drew\Dropbox\School\UNIVERSITY OF WASHINGTON\Homework\Year 3\Fall 2014\Operating Systems\LPC Workspace\FreeRTOS_Library\Debug\libFreeRTOS_Library.a(queue.o)
                0x00000c20                xQueueGenericReset
                0x00000c84                xQueueGenericCreate
                0x00000cc4                xQueueCreateCountingSemaphore
                0x00000cf4                xQueueGenericSend
                0x00000e10                xQueueCreateMutex
                0x00000e60                xQueueGenericSendFromISR
                0x00000f00                xQueueGenericReceive
                0x0000103c                xQueueReceiveFromISR
                0x000010b4                xQueuePeekFromISR
                0x000010f8                uxQueueMessagesWaiting
                0x00001114                uxQueueSpacesAvailable
                0x00001134                uxQueueMessagesWaitingFromISR
                0x00001144                vQueueDelete
                0x00001160                xQueueIsQueueEmptyFromISR
                0x00001178                xQueueIsQueueFullFromISR
                0x00001194                vQueueWaitForMessageRestricted
 .text          0x000011d0      0xcc4 C:\Users\Drew\Dropbox\School\UNIVERSITY OF WASHINGTON\Homework\Year 3\Fall 2014\Operating Systems\LPC Workspace\FreeRTOS_Library\Debug\libFreeRTOS_Library.a(tasks.o)
                0x00001270                xTaskGenericCreate
                0x00001424                vTaskDelete
                0x0000149c                uxTaskPriorityGet
                0x000014b8                vTaskPrioritySet
                0x0000156c                vTaskResume
                0x000015d4                xTaskResumeFromISR
                0x00001660                vTaskStartScheduler
                0x000016b4                vTaskEndScheduler
                0x000016cc                vTaskSuspendAll
                0x000016e0                xTaskGetTickCount
                0x000016f8                xTaskGetTickCountFromISR
                0x00001714                uxTaskGetNumberOfTasks
                0x00001720                xTaskIncrementTick
                0x00001820                xTaskResumeAll
                0x000018f8                vTaskDelayUntil
                0x0000196c                vTaskDelay
                0x00001a00                vTaskSwitchContext
                0x00001acc                vTaskSuspend
                0x00001b4c                vTaskPlaceOnEventList
                0x00001b8c                vTaskPlaceOnUnorderedEventList
                0x00001be4                vTaskPlaceOnEventListRestricted
                0x00001c10                xTaskRemoveFromEventList
                0x00001c88                xTaskRemoveFromUnorderedEventList
                0x00001cf4                vTaskSetTimeOutState
                0x00001d10                xTaskCheckForTimeOut
                0x00001d78                vTaskMissedYield
                0x00001d88                xTaskGetCurrentTaskHandle
                0x00001d94                xTaskGetSchedulerState
                0x00001db4                vTaskPriorityInherit
                0x00001e2c                vTaskPriorityDisinherit
                0x00001e7c                uxTaskResetEventItemValue
 .text          0x00001e94      0x344 C:\Users\Drew\Dropbox\School\UNIVERSITY OF WASHINGTON\Homework\Year 3\Fall 2014\Operating Systems\LPC Workspace\FreeRTOS_Library\Debug\libFreeRTOS_Library.a(timers.o)
                0x00001f1c                xTimerCreateTimerTask
                0x00001f5c                xTimerCreate
                0x00001f9c                xTimerGenericCommand
                0x000021b8                pcTimerGetTimerName
                0x000021bc                xTimerIsTimerActive
                0x000021d4                pvTimerGetTimerID
 .text          0x000021d8      0x11c C:\Users\Drew\Dropbox\School\UNIVERSITY OF WASHINGTON\Homework\Year 3\Fall 2014\Operating Systems\LPC Workspace\FreeRTOS_Library\Debug\libFreeRTOS_Library.a(heap_2.o)
                0x000021d8                pvPortMalloc
                0x000022a4                vPortFree
                0x000022e4                xPortGetFreeHeapSize
                0x000022f0                vPortInitialiseBlocks
 .text          0x000022f4       0x90 C:\Users\Drew\Dropbox\School\UNIVERSITY OF WASHINGTON\Homework\Year 3\Fall 2014\Operating Systems\LPC Workspace\FreeRTOS_Library\Debug\libFreeRTOS_Library.a(list.o)
                0x000022f4                vListInitialise
                0x0000230c                vListInitialiseItem
                0x00002314                vListInsertEnd
                0x0000232c                vListInsert
                0x00002360                uxListRemove
 .text.__main   0x00002384       0x14 c:/nxp/lpcxpresso_7.4.0_229/lpcxpresso/tools/bin/../lib/gcc/arm-none-eabi/4.8.4/../../../../arm-none-eabi/lib/armv7-m\libcr_semihost.a(_cr__main.o)
                0x00002384                __CR_SEMIHOST
                0x00002384                __main
 .text.memcpy   0x00002398        0x4 c:/nxp/lpcxpresso_7.4.0_229/lpcxpresso/tools/bin/../lib/gcc/arm-none-eabi/4.8.4/../../../../arm-none-eabi/lib/armv7-m\libcr_c.a(memcpy.o)
                0x00002398                memcpy
 .text.memset   0x0000239c        0x4 c:/nxp/lpcxpresso_7.4.0_229/lpcxpresso/tools/bin/../lib/gcc/arm-none-eabi/4.8.4/../../../../arm-none-eabi/lib/armv7-m\libcr_c.a(memset.o)
                0x0000239c                memset
 .text.fp_round
                0x000023a0       0x4e c:/nxp/lpcxpresso_7.4.0_229/lpcxpresso/tools/bin/../lib/gcc/arm-none-eabi/4.8.4/../../../../arm-none-eabi/lib/armv7-m\libcr_c.a(fpprintf.o)
 .text.pr_dec.constprop.1
                0x000023ee       0x26 c:/nxp/lpcxpresso_7.4.0_229/lpcxpresso/tools/bin/../lib/gcc/arm-none-eabi/4.8.4/../../../../arm-none-eabi/lib/armv7-m\libcr_c.a(fpprintf.o)
 .text.sprintf  0x00002414       0x6c c:/nxp/lpcxpresso_7.4.0_229/lpcxpresso/tools/bin/../lib/gcc/arm-none-eabi/4.8.4/../../../../arm-none-eabi/lib/armv7-m\libcr_c.a(fpprintf.o)
                0x00002414                sprintf
 .text.fp_display
                0x00002480      0x998 c:/nxp/lpcxpresso_7.4.0_229/lpcxpresso/tools/bin/../lib/gcc/arm-none-eabi/4.8.4/../../../../arm-none-eabi/lib/armv7-m\libcr_c.a(fpprintf.o)
 .text.vsnprintf
                0x00002e18       0x5c c:/nxp/lpcxpresso_7.4.0_229/lpcxpresso/tools/bin/../lib/gcc/arm-none-eabi/4.8.4/../../../../arm-none-eabi/lib/armv7-m\libcr_c.a(fpprintf.o)
                0x00002e18                vsnprintf
 .text.printf   0x00002e74       0x54 c:/nxp/lpcxpresso_7.4.0_229/lpcxpresso/tools/bin/../lib/gcc/arm-none-eabi/4.8.4/../../../../arm-none-eabi/lib/armv7-m\libcr_c.a(fpprintf.o)
                0x00002e74                printf
 .text._initio  0x00002ec8       0xa4 c:/nxp/lpcxpresso_7.4.0_229/lpcxpresso/tools/bin/../lib/gcc/arm-none-eabi/4.8.4/../../../../arm-none-eabi/lib/armv7-m\libcr_c.a(initio.o)
                0x00002ec8                _initio
 .text.memcmp   0x00002f6c       0x44 c:/nxp/lpcxpresso_7.4.0_229/lpcxpresso/tools/bin/../lib/gcc/arm-none-eabi/4.8.4/../../../../arm-none-eabi/lib/armv7-m\libcr_c.a(memcmp.o)
                0x00002f6c                memcmp
 .text.__vfprintf
                0x00002fb0      0xca0 c:/nxp/lpcxpresso_7.4.0_229/lpcxpresso/tools/bin/../lib/gcc/arm-none-eabi/4.8.4/../../../../arm-none-eabi/lib/armv7-m\libcr_c.a(printf.o)
                0x00002fb0                __vfprintf
 .text.setvbuf  0x00003c50       0x40 c:/nxp/lpcxpresso_7.4.0_229/lpcxpresso/tools/bin/../lib/gcc/arm-none-eabi/4.8.4/../../../../arm-none-eabi/lib/armv7-m\libcr_c.a(setvbuf.o)
                0x00003c50                setvbuf
 .text.strlen   0x00003c90       0x4a c:/nxp/lpcxpresso_7.4.0_229/lpcxpresso/tools/bin/../lib/gcc/arm-none-eabi/4.8.4/../../../../arm-none-eabi/lib/armv7-m\libcr_c.a(strlen.o)
                0x00003c90                strlen
 .text._deferredlazyseek
                0x00003cda       0x44 c:/nxp/lpcxpresso_7.4.0_229/lpcxpresso/tools/bin/../lib/gcc/arm-none-eabi/4.8.4/../../../../arm-none-eabi/lib/armv7-m\libcr_c.a(_deferredlazyseek.o)
                0x00003cda                _deferredlazyseek
 .text.__flsbuf
                0x00003d1e      0x142 c:/nxp/lpcxpresso_7.4.0_229/lpcxpresso/tools/bin/../lib/gcc/arm-none-eabi/4.8.4/../../../../arm-none-eabi/lib/armv7-m\libcr_c.a(_deferredlazyseek.o)
                0x00003d1e                __flsbuf
 .text._fdopen  0x00003e60       0x6a c:/nxp/lpcxpresso_7.4.0_229/lpcxpresso/tools/bin/../lib/gcc/arm-none-eabi/4.8.4/../../../../arm-none-eabi/lib/armv7-m\libcr_c.a(_fdopen.o)
                0x00003e60                _fdopen
 .text._fflush  0x00003eca       0x58 c:/nxp/lpcxpresso_7.4.0_229/lpcxpresso/tools/bin/../lib/gcc/arm-none-eabi/4.8.4/../../../../arm-none-eabi/lib/armv7-m\libcr_c.a(_fflush.o)
                0x00003eca                _fflush
 .text._frexpl  0x00003f22       0x5c c:/nxp/lpcxpresso_7.4.0_229/lpcxpresso/tools/bin/../lib/gcc/arm-none-eabi/4.8.4/../../../../arm-none-eabi/lib/armv7-m\libcr_c.a(_frexpl.o)
                0x00003f22                _frexpl
 *fill*         0x00003f7e        0x2 
 .text._ldexpl  0x00003f80       0x4c c:/nxp/lpcxpresso_7.4.0_229/lpcxpresso/tools/bin/../lib/gcc/arm-none-eabi/4.8.4/../../../../arm-none-eabi/lib/armv7-m\libcr_c.a(_ldexpl.o)
                0x00003f80                _ldexpl
 .text._Cwritebuf
                0x00003fcc       0x70 c:/nxp/lpcxpresso_7.4.0_229/lpcxpresso/tools/bin/../lib/gcc/arm-none-eabi/4.8.4/../../../../arm-none-eabi/lib/armv7-m\libcr_c.a(_writebuf.o)
                0x00003fcc                _Cwritebuf
 .text.malloc   0x0000403c       0xc4 c:/nxp/lpcxpresso_7.4.0_229/lpcxpresso/tools/bin/../lib/gcc/arm-none-eabi/4.8.4/../../../../arm-none-eabi/lib/armv7-m\libcr_c.a(alloc.o)
                0x0000403c                malloc
 .text.free     0x00004100        0xc c:/nxp/lpcxpresso_7.4.0_229/lpcxpresso/tools/bin/../lib/gcc/arm-none-eabi/4.8.4/../../../../arm-none-eabi/lib/armv7-m\libcr_c.a(alloc.o)
                0x00004100                free
 .text._Csys_alloc
                0x0000410c       0x20 c:/nxp/lpcxpresso_7.4.0_229/lpcxpresso/tools/bin/../lib/gcc/arm-none-eabi/4.8.4/../../../../arm-none-eabi/lib/armv7-m\libcr_c.a(alloc.o)
                0x0000410c                _Csys_alloc
 .text.fclose   0x0000412c       0x6c c:/nxp/lpcxpresso_7.4.0_229/lpcxpresso/tools/bin/../lib/gcc/arm-none-eabi/4.8.4/../../../../arm-none-eabi/lib/armv7-m\libcr_c.a(fclose.o)
                0x0000412c                fclose
 .text.fflush   0x00004198       0x30 c:/nxp/lpcxpresso_7.4.0_229/lpcxpresso/tools/bin/../lib/gcc/arm-none-eabi/4.8.4/../../../../arm-none-eabi/lib/armv7-m\libcr_c.a(fflush.o)
                0x00004198                fflush
 .text.fseek    0x000041c8      0x10c c:/nxp/lpcxpresso_7.4.0_229/lpcxpresso/tools/bin/../lib/gcc/arm-none-eabi/4.8.4/../../../../arm-none-eabi/lib/armv7-m\libcr_c.a(fseek.o)
                0x000041c8                fseek
 .text.ftell    0x000042d4       0x4c c:/nxp/lpcxpresso_7.4.0_229/lpcxpresso/tools/bin/../lib/gcc/arm-none-eabi/4.8.4/../../../../arm-none-eabi/lib/armv7-m\libcr_c.a(ftell.o)
                0x000042d4                ftell
 .text.remove   0x00004320       0x14 c:/nxp/lpcxpresso_7.4.0_229/lpcxpresso/tools/bin/../lib/gcc/arm-none-eabi/4.8.4/../../../../arm-none-eabi/lib/armv7-m\libcr_c.a(remove.o)
                0x00004320                remove
 .text._sbrk    0x00004334       0x40 c:/nxp/lpcxpresso_7.4.0_229/lpcxpresso/tools/bin/../lib/gcc/arm-none-eabi/4.8.4/../../../../arm-none-eabi/lib/armv7-m\libcr_c.a(_cr_sbrk.o)
                0x00004334                _sbrk
 .text._do_fflush
                0x00004374       0x44 c:/nxp/lpcxpresso_7.4.0_229/lpcxpresso/tools/bin/../lib/gcc/arm-none-eabi/4.8.4/../../../../arm-none-eabi/lib/armv7-m\libcr_c.a(_do_fflush.o)
                0x00004374                _do_fflush
 .text.__check_heap_overflow
                0x000043b8       0x18 c:/nxp/lpcxpresso_7.4.0_229/lpcxpresso/tools/bin/../lib/gcc/arm-none-eabi/4.8.4/../../../../arm-none-eabi/lib/armv7-m\libcr_c.a(_cr_check_heap.o)
                0x000043b8                __check_heap_overflow
 .text.__aeabi_dmul
                0x000043d0      0x12c c:/nxp/lpcxpresso_7.4.0_229/lpcxpresso/tools/bin/../lib/gcc/arm-none-eabi/4.8.4/armv7-m\libcr_eabihelpers.a(double.o)
                0x000043d0                __aeabi_dmul
 .text.__aeabi_ddiv
                0x000044fc      0x16c c:/nxp/lpcxpresso_7.4.0_229/lpcxpresso/tools/bin/../lib/gcc/arm-none-eabi/4.8.4/armv7-m\libcr_eabihelpers.a(double.o)
                0x000044fc                __aeabi_ddiv
 .text.__aeabi_dsub
                0x00004668      0x228 c:/nxp/lpcxpresso_7.4.0_229/lpcxpresso/tools/bin/../lib/gcc/arm-none-eabi/4.8.4/armv7-m\libcr_eabihelpers.a(double.o)
                0x00004668                __aeabi_dsub
 .text.__aeabi_dadd
                0x00004890      0x178 c:/nxp/lpcxpresso_7.4.0_229/lpcxpresso/tools/bin/../lib/gcc/arm-none-eabi/4.8.4/armv7-m\libcr_eabihelpers.a(double.o)
                0x00004890                __aeabi_dadd
 .text.__aeabi_d2iz
                0x00004a08       0x4c c:/nxp/lpcxpresso_7.4.0_229/lpcxpresso/tools/bin/../lib/gcc/arm-none-eabi/4.8.4/armv7-m\libcr_eabihelpers.a(double.o)
                0x00004a08                __aeabi_d2iz
 .text.__bhs_ui2d
                0x00004a54       0x48 c:/nxp/lpcxpresso_7.4.0_229/lpcxpresso/tools/bin/../lib/gcc/arm-none-eabi/4.8.4/armv7-m\libcr_eabihelpers.a(double.o)
                0x00004a54                __bhs_ui2d
 .text.__aeabi_i2d
                0x00004a9c       0x10 c:/nxp/lpcxpresso_7.4.0_229/lpcxpresso/tools/bin/../lib/gcc/arm-none-eabi/4.8.4/armv7-m\libcr_eabihelpers.a(double.o)
                0x00004a9c                __aeabi_i2d
 .text.__aeabi_dcmpeq
                0x00004aac       0x40 c:/nxp/lpcxpresso_7.4.0_229/lpcxpresso/tools/bin/../lib/gcc/arm-none-eabi/4.8.4/armv7-m\libcr_eabihelpers.a(double.o)
                0x00004aac                __aeabi_dcmpeq
 .text.__aeabi_dcmplt
                0x00004aec       0x70 c:/nxp/lpcxpresso_7.4.0_229/lpcxpresso/tools/bin/../lib/gcc/arm-none-eabi/4.8.4/armv7-m\libcr_eabihelpers.a(double.o)
                0x00004aec                __aeabi_dcmplt
 .text.__aeabi_dcmple
                0x00004b5c       0x68 c:/nxp/lpcxpresso_7.4.0_229/lpcxpresso/tools/bin/../lib/gcc/arm-none-eabi/4.8.4/armv7-m\libcr_eabihelpers.a(double.o)
                0x00004b5c                __aeabi_dcmple
 .text.__aeabi_dcmpge
                0x00004bc4       0x64 c:/nxp/lpcxpresso_7.4.0_229/lpcxpresso/tools/bin/../lib/gcc/arm-none-eabi/4.8.4/armv7-m\libcr_eabihelpers.a(double.o)
                0x00004bc4                __aeabi_dcmpge
 .text.__aeabi_memcpy
                0x00004c28       0x3a c:/nxp/lpcxpresso_7.4.0_229/lpcxpresso/tools/bin/../lib/gcc/arm-none-eabi/4.8.4/armv7-m\libcr_eabihelpers.a(memcpy.o)
                0x00004c28                __aeabi_memcpy
                0x00004c34                __aeabi_memcpy8
                0x00004c34                __aeabi_memcpy4
 .text.__aeabi_memset_lowlevel
                0x00004c62       0x38 c:/nxp/lpcxpresso_7.4.0_229/lpcxpresso/tools/bin/../lib/gcc/arm-none-eabi/4.8.4/armv7-m\libcr_eabihelpers.a(memcpy.o)
                0x00004c62                __aeabi_lowlevel_memset
 *fill*         0x00004c9a        0x2 
 .text.__sys_appexit
                0x00004c9c        0xc c:/nxp/lpcxpresso_7.4.0_229/lpcxpresso/tools/bin/../lib/gcc/arm-none-eabi/4.8.4/../../../../arm-none-eabi/lib/armv7-m\libcr_semihost.a(__sys_appexit.o)
                0x00004c9c                __sys_appexit
                0x00004c9c                __exit
 .text.__sys_close
                0x00004ca8        0xc c:/nxp/lpcxpresso_7.4.0_229/lpcxpresso/tools/bin/../lib/gcc/arm-none-eabi/4.8.4/../../../../arm-none-eabi/lib/armv7-m\libcr_semihost.a(__sys_close.o)
                0x00004ca8                __sys_close
 .text.__sys_flen
                0x00004cb4        0xc c:/nxp/lpcxpresso_7.4.0_229/lpcxpresso/tools/bin/../lib/gcc/arm-none-eabi/4.8.4/../../../../arm-none-eabi/lib/armv7-m\libcr_semihost.a(__sys_flen.o)
                0x00004cb4                __sys_flen
 .text.__sys_istty
                0x00004cc0        0xc c:/nxp/lpcxpresso_7.4.0_229/lpcxpresso/tools/bin/../lib/gcc/arm-none-eabi/4.8.4/../../../../arm-none-eabi/lib/armv7-m\libcr_semihost.a(__sys_istty.o)
                0x00004cc0                __sys_istty
 .text.__sys_remove
                0x00004ccc        0xc c:/nxp/lpcxpresso_7.4.0_229/lpcxpresso/tools/bin/../lib/gcc/arm-none-eabi/4.8.4/../../../../arm-none-eabi/lib/armv7-m\libcr_semihost.a(__sys_remove.o)
                0x00004ccc                __sys_remove
 .text.__sys_seek
                0x00004cd8        0xc c:/nxp/lpcxpresso_7.4.0_229/lpcxpresso/tools/bin/../lib/gcc/arm-none-eabi/4.8.4/../../../../arm-none-eabi/lib/armv7-m\libcr_semihost.a(__sys_seek.o)
                0x00004cd8                __sys_seek
 .text.__sys_tmpnam
                0x00004ce4        0xc c:/nxp/lpcxpresso_7.4.0_229/lpcxpresso/tools/bin/../lib/gcc/arm-none-eabi/4.8.4/../../../../arm-none-eabi/lib/armv7-m\libcr_semihost.a(__sys_tmpnam.o)
                0x00004ce4                __sys_tmpnam
 .text.__sys_write
                0x00004cf0        0xc c:/nxp/lpcxpresso_7.4.0_229/lpcxpresso/tools/bin/../lib/gcc/arm-none-eabi/4.8.4/../../../../arm-none-eabi/lib/armv7-m\libcr_semihost.a(__sys_write.o)
                0x00004cf0                __sys_write
                0x00004cf0                __write
 *(.rodata .rodata.* .constdata .constdata.*)
 .rodata.str1.4
                0x00004cfc       0xc9 ./main.o
                                 0xcc (size before relaxing)
 *fill*         0x00004dc5        0x3 
 .rodata        0x00004dc8       0x14 C:\Users\Drew\Dropbox\School\UNIVERSITY OF WASHINGTON\Homework\Year 3\Fall 2014\Operating Systems\LPC Workspace\FreeRTOS_Library\Debug\libFreeRTOS_Library.a(tasks.o)
 .rodata.str1.4
                0x00004ddc        0x5 C:\Users\Drew\Dropbox\School\UNIVERSITY OF WASHINGTON\Homework\Year 3\Fall 2014\Operating Systems\LPC Workspace\FreeRTOS_Library\Debug\libFreeRTOS_Library.a(tasks.o)
                                  0x8 (size before relaxing)
 *fill*         0x00004de1        0x3 
 .rodata.str1.4
                0x00004de4        0x8 C:\Users\Drew\Dropbox\School\UNIVERSITY OF WASHINGTON\Homework\Year 3\Fall 2014\Operating Systems\LPC Workspace\FreeRTOS_Library\Debug\libFreeRTOS_Library.a(timers.o)
 .rodata.str1.1
                0x00004dec       0x34 c:/nxp/lpcxpresso_7.4.0_229/lpcxpresso/tools/bin/../lib/gcc/arm-none-eabi/4.8.4/../../../../arm-none-eabi/lib/armv7-m\libcr_c.a(fpprintf.o)
                                 0x35 (size before relaxing)
 .rodata.str1.1
                0x00004e20        0x4 c:/nxp/lpcxpresso_7.4.0_229/lpcxpresso/tools/bin/../lib/gcc/arm-none-eabi/4.8.4/../../../../arm-none-eabi/lib/armv7-m\libcr_c.a(initio.o)
 .rodata.str1.1
                0x00004e24       0x31 c:/nxp/lpcxpresso_7.4.0_229/lpcxpresso/tools/bin/../lib/gcc/arm-none-eabi/4.8.4/../../../../arm-none-eabi/lib/armv7-m\libcr_c.a(printf.o)
                                 0x38 (size before relaxing)
 .rodata.str1.1
                0x00004e55       0x18 c:/nxp/lpcxpresso_7.4.0_229/lpcxpresso/tools/bin/../lib/gcc/arm-none-eabi/4.8.4/../../../../arm-none-eabi/lib/armv7-m\libcr_c.a(alloc.o)
 *fill*         0x00004e6d        0x3 
 .rodata.__huge_vall
                0x00004e70        0x8 c:/nxp/lpcxpresso_7.4.0_229/lpcxpresso/tools/bin/../lib/gcc/arm-none-eabi/4.8.4/../../../../arm-none-eabi/lib/armv7-m\libcr_c.a(_hugeval.o)
                0x00004e70                __huge_vall
                0x00004e78                . = ALIGN (0x4)

.glue_7         0x00004e78        0x0
 .glue_7        0x00000000        0x0 linker stubs

.glue_7t        0x00004e78        0x0
 .glue_7t       0x00000000        0x0 linker stubs

.vfp11_veneer   0x00004e78        0x0
 .vfp11_veneer  0x00000000        0x0 linker stubs

.v4_bx          0x00004e78        0x0
 .v4_bx         0x00000000        0x0 linker stubs

.iplt           0x00004e78        0x0
 .iplt          0x00000000        0x0 ./cr_startup_lpc17.o

.rel.dyn        0x00004e78        0x0
 .rel.iplt      0x00000000        0x0 ./cr_startup_lpc17.o

.ARM.extab
 *(.ARM.extab* .gnu.linkonce.armextab.*)
                0x00004e78                __exidx_start = .

.ARM.exidx
 *(.ARM.exidx* .gnu.linkonce.armexidx.*)
                0x00004e78                __exidx_end = .
                0x00004e78                _etext = .

.data_RAM2      0x2007c000        0x0 load address 0x00004e78
 FILL mask 0xff
 *(.ramfunc.$RAM2)
 *(.ramfunc.$RamAHB32)
 *(.data.$RAM2*)
 *(.data.$RamAHB32*)
                0x2007c000                . = ALIGN (0x4)

.uninit_RESERVED
                0x10000000        0x0
 *(.bss.$RESERVED*)
                0x10000000                . = ALIGN (0x4)
                0x10000000                _end_uninit_RESERVED = .

.data           0x10000000        0xc load address 0x00004e78
 FILL mask 0xff
                0x10000000                _data = .
 *(vtable)
 *(.ramfunc*)
 *(.data*)
 .data          0x10000000        0x4 C:\Users\Drew\Dropbox\School\UNIVERSITY OF WASHINGTON\Homework\Year 3\Fall 2014\Operating Systems\LPC Workspace\FreeRTOS_Library\Debug\libFreeRTOS_Library.a(port.o)
 .data          0x10000004        0x4 C:\Users\Drew\Dropbox\School\UNIVERSITY OF WASHINGTON\Homework\Year 3\Fall 2014\Operating Systems\LPC Workspace\FreeRTOS_Library\Debug\libFreeRTOS_Library.a(tasks.o)
 .data          0x10000008        0x4 C:\Users\Drew\Dropbox\School\UNIVERSITY OF WASHINGTON\Homework\Year 3\Fall 2014\Operating Systems\LPC Workspace\FreeRTOS_Library\Debug\libFreeRTOS_Library.a(heap_2.o)
                0x1000000c                . = ALIGN (0x4)
                0x1000000c                _edata = .

.igot.plt       0x1000000c        0x0 load address 0x00004e84
 .igot.plt      0x00000000        0x0 ./cr_startup_lpc17.o

.bss_RAM2       0x2007c000        0x0
 *(.bss.$RAM2*)
 *(.bss.$RamAHB32*)
                0x2007c000                . = ALIGN (0x4)

.bss            0x1000000c     0x2ae0
                0x1000000c                _bss = .
 *(.bss*)
 .bss           0x1000000c        0x8 ./main.o
                0x1000000c                g_ui16StableCount
                0x10000010                lSeconds
 .bss           0x10000014        0x8 C:\Users\Drew\Dropbox\School\UNIVERSITY OF WASHINGTON\Homework\Year 3\Fall 2014\Operating Systems\LPC Workspace\FreeRTOS_Library\Debug\libFreeRTOS_Library.a(port.o)
 .bss           0x1000001c       0xfc C:\Users\Drew\Dropbox\School\UNIVERSITY OF WASHINGTON\Homework\Year 3\Fall 2014\Operating Systems\LPC Workspace\FreeRTOS_Library\Debug\libFreeRTOS_Library.a(tasks.o)
                0x10000048                pxCurrentTCB
 .bss           0x10000118       0x38 C:\Users\Drew\Dropbox\School\UNIVERSITY OF WASHINGTON\Homework\Year 3\Fall 2014\Operating Systems\LPC Workspace\FreeRTOS_Library\Debug\libFreeRTOS_Library.a(timers.o)
 .bss           0x10000150     0x2814 C:\Users\Drew\Dropbox\School\UNIVERSITY OF WASHINGTON\Homework\Year 3\Fall 2014\Operating Systems\LPC Workspace\FreeRTOS_Library\Debug\libFreeRTOS_Library.a(heap_2.o)
 .bss.errno     0x10002964        0x4 c:/nxp/lpcxpresso_7.4.0_229/lpcxpresso/tools/bin/../lib/gcc/arm-none-eabi/4.8.4/../../../../arm-none-eabi/lib/armv7-m\libcr_c.a(errno.o)
                0x10002964                errno
 *(COMMON)
 COMMON         0x10002968       0x38 ./main.o
                0x10002968                adc_val
                0x1000296c                xFrequencyMutex
                0x10002970                xFreqCalcBinarySemaphore
                0x10002974                xADCValueMutex
                0x10002978                up
                0x1000297c                g_Freq
                0x10002980                last
                0x10002984                g_xDebounceTimer
                0x10002988                xRTCMutex
                0x1000298c                xBinarySemaphore
                0x10002990                count
                0x10002994                xPrintFreqChangeBinarySemaphore
                0x10002998                ticks
                0x1000299c                xPrintBinarySemaphore
 COMMON         0x100029a0        0x4 c:/nxp/lpcxpresso_7.4.0_229/lpcxpresso/tools/bin/../lib/gcc/arm-none-eabi/4.8.4/../../../../arm-none-eabi/lib/armv7-m\libcr_c.a(initio.o)
                0x100029a0                _extra
 COMMON         0x100029a4      0x140 c:/nxp/lpcxpresso_7.4.0_229/lpcxpresso/tools/bin/../lib/gcc/arm-none-eabi/4.8.4/../../../../arm-none-eabi/lib/armv7-m\libcr_c.a(stdio.o)
                0x100029a4                __Ciob
 COMMON         0x10002ae4        0x8 c:/nxp/lpcxpresso_7.4.0_229/lpcxpresso/tools/bin/../lib/gcc/arm-none-eabi/4.8.4/../../../../arm-none-eabi/lib/armv7-m\libcr_c.a(__init_alloc.o)
                0x10002ae4                __heaps
                0x10002ae8                __end_of_heap
                0x10002aec                . = ALIGN (0x4)
                0x10002aec                _ebss = .
                0x10002aec                PROVIDE (end, .)

.noinit_RAM2    0x2007c000        0x0
 *(.noinit.$RAM2*)
 *(.noinit.$RamAHB32*)
                0x2007c000                . = ALIGN (0x4)

.noinit         0x10002aec        0x0
                0x10002aec                _noinit = .
 *(.noinit*)
                0x10002aec                . = ALIGN (0x4)
                0x10002aec                _end_noinit = .
                0x10002aec                PROVIDE (_pvHeapStart, DEFINED (__user_heap_base)?__user_heap_base:.)
                0x10008000                PROVIDE (_vStackTop, DEFINED (__user_stack_top)?__user_stack_top:(__top_RamLoc32 - 0x0))
OUTPUT(Example12.axf elf32-littlearm)

.debug_info     0x00000000     0x6458
 .debug_info    0x00000000      0x1da ./cr_startup_lpc17.o
 .debug_info    0x000001da     0x1ac3 ./main.o
 .debug_info    0x00001c9d      0x30d C:\Users\Drew\Dropbox\School\UNIVERSITY OF WASHINGTON\Homework\Year 3\Fall 2014\Operating Systems\LPC Workspace\CMSISv1p30_LPC17xx\Debug\libCMSISv1p30_LPC17xx.a(system_LPC17xx.o)
 .debug_info    0x00001faa      0x3d4 C:\Users\Drew\Dropbox\School\UNIVERSITY OF WASHINGTON\Homework\Year 3\Fall 2014\Operating Systems\LPC Workspace\FreeRTOS_Library\Debug\libFreeRTOS_Library.a(port.o)
 .debug_info    0x0000237e     0x1251 C:\Users\Drew\Dropbox\School\UNIVERSITY OF WASHINGTON\Homework\Year 3\Fall 2014\Operating Systems\LPC Workspace\FreeRTOS_Library\Debug\libFreeRTOS_Library.a(queue.o)
 .debug_info    0x000035cf     0x19b4 C:\Users\Drew\Dropbox\School\UNIVERSITY OF WASHINGTON\Homework\Year 3\Fall 2014\Operating Systems\LPC Workspace\FreeRTOS_Library\Debug\libFreeRTOS_Library.a(tasks.o)
 .debug_info    0x00004f83      0xec2 C:\Users\Drew\Dropbox\School\UNIVERSITY OF WASHINGTON\Homework\Year 3\Fall 2014\Operating Systems\LPC Workspace\FreeRTOS_Library\Debug\libFreeRTOS_Library.a(timers.o)
 .debug_info    0x00005e45      0x36b C:\Users\Drew\Dropbox\School\UNIVERSITY OF WASHINGTON\Homework\Year 3\Fall 2014\Operating Systems\LPC Workspace\FreeRTOS_Library\Debug\libFreeRTOS_Library.a(heap_2.o)
 .debug_info    0x000061b0      0x2a8 C:\Users\Drew\Dropbox\School\UNIVERSITY OF WASHINGTON\Homework\Year 3\Fall 2014\Operating Systems\LPC Workspace\FreeRTOS_Library\Debug\libFreeRTOS_Library.a(list.o)

.debug_abbrev   0x00000000     0x12cf
 .debug_abbrev  0x00000000       0xd5 ./cr_startup_lpc17.o
 .debug_abbrev  0x000000d5      0x3ab ./main.o
 .debug_abbrev  0x00000480       0xe6 C:\Users\Drew\Dropbox\School\UNIVERSITY OF WASHINGTON\Homework\Year 3\Fall 2014\Operating Systems\LPC Workspace\CMSISv1p30_LPC17xx\Debug\libCMSISv1p30_LPC17xx.a(system_LPC17xx.o)
 .debug_abbrev  0x00000566      0x1fb C:\Users\Drew\Dropbox\School\UNIVERSITY OF WASHINGTON\Homework\Year 3\Fall 2014\Operating Systems\LPC Workspace\FreeRTOS_Library\Debug\libFreeRTOS_Library.a(port.o)
 .debug_abbrev  0x00000761      0x291 C:\Users\Drew\Dropbox\School\UNIVERSITY OF WASHINGTON\Homework\Year 3\Fall 2014\Operating Systems\LPC Workspace\FreeRTOS_Library\Debug\libFreeRTOS_Library.a(queue.o)
 .debug_abbrev  0x000009f2      0x30b C:\Users\Drew\Dropbox\School\UNIVERSITY OF WASHINGTON\Homework\Year 3\Fall 2014\Operating Systems\LPC Workspace\FreeRTOS_Library\Debug\libFreeRTOS_Library.a(tasks.o)
 .debug_abbrev  0x00000cfd      0x2f2 C:\Users\Drew\Dropbox\School\UNIVERSITY OF WASHINGTON\Homework\Year 3\Fall 2014\Operating Systems\LPC Workspace\FreeRTOS_Library\Debug\libFreeRTOS_Library.a(timers.o)
 .debug_abbrev  0x00000fef      0x1e7 C:\Users\Drew\Dropbox\School\UNIVERSITY OF WASHINGTON\Homework\Year 3\Fall 2014\Operating Systems\LPC Workspace\FreeRTOS_Library\Debug\libFreeRTOS_Library.a(heap_2.o)
 .debug_abbrev  0x000011d6       0xf9 C:\Users\Drew\Dropbox\School\UNIVERSITY OF WASHINGTON\Homework\Year 3\Fall 2014\Operating Systems\LPC Workspace\FreeRTOS_Library\Debug\libFreeRTOS_Library.a(list.o)

.debug_loc      0x00000000     0x31c6
 .debug_loc     0x00000000       0x40 ./cr_startup_lpc17.o
 .debug_loc     0x00000040      0x1bb ./main.o
 .debug_loc     0x000001fb       0xa6 C:\Users\Drew\Dropbox\School\UNIVERSITY OF WASHINGTON\Homework\Year 3\Fall 2014\Operating Systems\LPC Workspace\FreeRTOS_Library\Debug\libFreeRTOS_Library.a(port.o)
 .debug_loc     0x000002a1     0x1202 C:\Users\Drew\Dropbox\School\UNIVERSITY OF WASHINGTON\Homework\Year 3\Fall 2014\Operating Systems\LPC Workspace\FreeRTOS_Library\Debug\libFreeRTOS_Library.a(queue.o)
 .debug_loc     0x000014a3     0x1258 C:\Users\Drew\Dropbox\School\UNIVERSITY OF WASHINGTON\Homework\Year 3\Fall 2014\Operating Systems\LPC Workspace\FreeRTOS_Library\Debug\libFreeRTOS_Library.a(tasks.o)
 .debug_loc     0x000026fb      0x808 C:\Users\Drew\Dropbox\School\UNIVERSITY OF WASHINGTON\Homework\Year 3\Fall 2014\Operating Systems\LPC Workspace\FreeRTOS_Library\Debug\libFreeRTOS_Library.a(timers.o)
 .debug_loc     0x00002f03      0x253 C:\Users\Drew\Dropbox\School\UNIVERSITY OF WASHINGTON\Homework\Year 3\Fall 2014\Operating Systems\LPC Workspace\FreeRTOS_Library\Debug\libFreeRTOS_Library.a(heap_2.o)
 .debug_loc     0x00003156       0x70 C:\Users\Drew\Dropbox\School\UNIVERSITY OF WASHINGTON\Homework\Year 3\Fall 2014\Operating Systems\LPC Workspace\FreeRTOS_Library\Debug\libFreeRTOS_Library.a(list.o)

.debug_aranges  0x00000000      0x1e8
 .debug_aranges
                0x00000000       0x70 ./cr_startup_lpc17.o
 .debug_aranges
                0x00000070       0x90 ./main.o
 .debug_aranges
                0x00000100       0x28 C:\Users\Drew\Dropbox\School\UNIVERSITY OF WASHINGTON\Homework\Year 3\Fall 2014\Operating Systems\LPC Workspace\CMSISv1p30_LPC17xx\Debug\libCMSISv1p30_LPC17xx.a(system_LPC17xx.o)
 .debug_aranges
                0x00000128       0x20 C:\Users\Drew\Dropbox\School\UNIVERSITY OF WASHINGTON\Homework\Year 3\Fall 2014\Operating Systems\LPC Workspace\FreeRTOS_Library\Debug\libFreeRTOS_Library.a(port.o)
 .debug_aranges
                0x00000148       0x20 C:\Users\Drew\Dropbox\School\UNIVERSITY OF WASHINGTON\Homework\Year 3\Fall 2014\Operating Systems\LPC Workspace\FreeRTOS_Library\Debug\libFreeRTOS_Library.a(queue.o)
 .debug_aranges
                0x00000168       0x20 C:\Users\Drew\Dropbox\School\UNIVERSITY OF WASHINGTON\Homework\Year 3\Fall 2014\Operating Systems\LPC Workspace\FreeRTOS_Library\Debug\libFreeRTOS_Library.a(tasks.o)
 .debug_aranges
                0x00000188       0x20 C:\Users\Drew\Dropbox\School\UNIVERSITY OF WASHINGTON\Homework\Year 3\Fall 2014\Operating Systems\LPC Workspace\FreeRTOS_Library\Debug\libFreeRTOS_Library.a(timers.o)
 .debug_aranges
                0x000001a8       0x20 C:\Users\Drew\Dropbox\School\UNIVERSITY OF WASHINGTON\Homework\Year 3\Fall 2014\Operating Systems\LPC Workspace\FreeRTOS_Library\Debug\libFreeRTOS_Library.a(heap_2.o)
 .debug_aranges
                0x000001c8       0x20 C:\Users\Drew\Dropbox\School\UNIVERSITY OF WASHINGTON\Homework\Year 3\Fall 2014\Operating Systems\LPC Workspace\FreeRTOS_Library\Debug\libFreeRTOS_Library.a(list.o)

.debug_ranges   0x00000000      0x198
 .debug_ranges  0x00000000       0x60 ./cr_startup_lpc17.o
 .debug_ranges  0x00000060       0x98 ./main.o
 .debug_ranges  0x000000f8       0x18 C:\Users\Drew\Dropbox\School\UNIVERSITY OF WASHINGTON\Homework\Year 3\Fall 2014\Operating Systems\LPC Workspace\CMSISv1p30_LPC17xx\Debug\libCMSISv1p30_LPC17xx.a(system_LPC17xx.o)
 .debug_ranges  0x00000110       0x50 C:\Users\Drew\Dropbox\School\UNIVERSITY OF WASHINGTON\Homework\Year 3\Fall 2014\Operating Systems\LPC Workspace\FreeRTOS_Library\Debug\libFreeRTOS_Library.a(tasks.o)
 .debug_ranges  0x00000160       0x38 C:\Users\Drew\Dropbox\School\UNIVERSITY OF WASHINGTON\Homework\Year 3\Fall 2014\Operating Systems\LPC Workspace\FreeRTOS_Library\Debug\libFreeRTOS_Library.a(timers.o)

.debug_macro    0x00000000     0x3cac
 .debug_macro   0x00000000       0x52 ./cr_startup_lpc17.o
 .debug_macro   0x00000052      0x850 ./cr_startup_lpc17.o
 .debug_macro   0x000008a2       0x10 ./cr_startup_lpc17.o
 .debug_macro   0x000008b2      0x12d ./cr_startup_lpc17.o
 .debug_macro   0x000009df      0x5b2 ./cr_startup_lpc17.o
 .debug_macro   0x00000f91      0x125 ./main.o
 .debug_macro   0x000010b6       0x16 ./main.o
 .debug_macro   0x000010cc       0x40 ./main.o
 .debug_macro   0x0000110c       0x1c ./main.o
 .debug_macro   0x00001128      0x7d5 ./main.o
 .debug_macro   0x000018fd      0x2c7 ./main.o
 .debug_macro   0x00001bc4       0xe8 ./main.o
 .debug_macro   0x00001cac       0xb6 ./main.o
 .debug_macro   0x00001d62       0x12 ./main.o
 .debug_macro   0x00001d74       0x1f ./main.o
 .debug_macro   0x00001d93      0x353 ./main.o
 .debug_macro   0x000020e6       0x79 ./main.o
 .debug_macro   0x0000215f       0x69 ./main.o
 .debug_macro   0x000021c8       0xb0 ./main.o
 .debug_macro   0x00002278       0x7e ./main.o
 .debug_macro   0x000022f6       0x91 ./main.o
 .debug_macro   0x00002387      0x113 C:\Users\Drew\Dropbox\School\UNIVERSITY OF WASHINGTON\Homework\Year 3\Fall 2014\Operating Systems\LPC Workspace\CMSISv1p30_LPC17xx\Debug\libCMSISv1p30_LPC17xx.a(system_LPC17xx.o)
 .debug_macro   0x0000249a      0x850 C:\Users\Drew\Dropbox\School\UNIVERSITY OF WASHINGTON\Homework\Year 3\Fall 2014\Operating Systems\LPC Workspace\CMSISv1p30_LPC17xx\Debug\libCMSISv1p30_LPC17xx.a(system_LPC17xx.o)
 .debug_macro   0x00002cea      0x16f C:\Users\Drew\Dropbox\School\UNIVERSITY OF WASHINGTON\Homework\Year 3\Fall 2014\Operating Systems\LPC Workspace\FreeRTOS_Library\Debug\libFreeRTOS_Library.a(port.o)
 .debug_macro   0x00002e59      0x844 C:\Users\Drew\Dropbox\School\UNIVERSITY OF WASHINGTON\Homework\Year 3\Fall 2014\Operating Systems\LPC Workspace\FreeRTOS_Library\Debug\libFreeRTOS_Library.a(port.o)
 .debug_macro   0x0000369d      0x146 C:\Users\Drew\Dropbox\School\UNIVERSITY OF WASHINGTON\Homework\Year 3\Fall 2014\Operating Systems\LPC Workspace\FreeRTOS_Library\Debug\libFreeRTOS_Library.a(queue.o)
 .debug_macro   0x000037e3       0x28 C:\Users\Drew\Dropbox\School\UNIVERSITY OF WASHINGTON\Homework\Year 3\Fall 2014\Operating Systems\LPC Workspace\FreeRTOS_Library\Debug\libFreeRTOS_Library.a(queue.o)
 .debug_macro   0x0000380b      0x189 C:\Users\Drew\Dropbox\School\UNIVERSITY OF WASHINGTON\Homework\Year 3\Fall 2014\Operating Systems\LPC Workspace\FreeRTOS_Library\Debug\libFreeRTOS_Library.a(tasks.o)
 .debug_macro   0x00003994       0x17 C:\Users\Drew\Dropbox\School\UNIVERSITY OF WASHINGTON\Homework\Year 3\Fall 2014\Operating Systems\LPC Workspace\FreeRTOS_Library\Debug\libFreeRTOS_Library.a(tasks.o)
 .debug_macro   0x000039ab      0x11a C:\Users\Drew\Dropbox\School\UNIVERSITY OF WASHINGTON\Homework\Year 3\Fall 2014\Operating Systems\LPC Workspace\FreeRTOS_Library\Debug\libFreeRTOS_Library.a(timers.o)
 .debug_macro   0x00003ac5      0x10a C:\Users\Drew\Dropbox\School\UNIVERSITY OF WASHINGTON\Homework\Year 3\Fall 2014\Operating Systems\LPC Workspace\FreeRTOS_Library\Debug\libFreeRTOS_Library.a(heap_2.o)
 .debug_macro   0x00003bcf       0xdd C:\Users\Drew\Dropbox\School\UNIVERSITY OF WASHINGTON\Homework\Year 3\Fall 2014\Operating Systems\LPC Workspace\FreeRTOS_Library\Debug\libFreeRTOS_Library.a(list.o)

.debug_line     0x00000000     0x276c
 .debug_line    0x00000000      0x252 ./cr_startup_lpc17.o
 .debug_line    0x00000252      0x62d ./main.o
 .debug_line    0x0000087f      0x22f C:\Users\Drew\Dropbox\School\UNIVERSITY OF WASHINGTON\Homework\Year 3\Fall 2014\Operating Systems\LPC Workspace\CMSISv1p30_LPC17xx\Debug\libCMSISv1p30_LPC17xx.a(system_LPC17xx.o)
 .debug_line    0x00000aae      0x3ea C:\Users\Drew\Dropbox\School\UNIVERSITY OF WASHINGTON\Homework\Year 3\Fall 2014\Operating Systems\LPC Workspace\FreeRTOS_Library\Debug\libFreeRTOS_Library.a(port.o)
 .debug_line    0x00000e98      0x5ed C:\Users\Drew\Dropbox\School\UNIVERSITY OF WASHINGTON\Homework\Year 3\Fall 2014\Operating Systems\LPC Workspace\FreeRTOS_Library\Debug\libFreeRTOS_Library.a(queue.o)
 .debug_line    0x00001485      0x761 C:\Users\Drew\Dropbox\School\UNIVERSITY OF WASHINGTON\Homework\Year 3\Fall 2014\Operating Systems\LPC Workspace\FreeRTOS_Library\Debug\libFreeRTOS_Library.a(tasks.o)
 .debug_line    0x00001be6      0x45b C:\Users\Drew\Dropbox\School\UNIVERSITY OF WASHINGTON\Homework\Year 3\Fall 2014\Operating Systems\LPC Workspace\FreeRTOS_Library\Debug\libFreeRTOS_Library.a(timers.o)
 .debug_line    0x00002041      0x3b9 C:\Users\Drew\Dropbox\School\UNIVERSITY OF WASHINGTON\Homework\Year 3\Fall 2014\Operating Systems\LPC Workspace\FreeRTOS_Library\Debug\libFreeRTOS_Library.a(heap_2.o)
 .debug_line    0x000023fa      0x372 C:\Users\Drew\Dropbox\School\UNIVERSITY OF WASHINGTON\Homework\Year 3\Fall 2014\Operating Systems\LPC Workspace\FreeRTOS_Library\Debug\libFreeRTOS_Library.a(list.o)

.debug_str      0x00000000     0xf310
 .debug_str     0x00000000     0x3c5c ./cr_startup_lpc17.o
                               0x3ce7 (size before relaxing)
 .debug_str     0x00003c5c     0x8d4c ./main.o
                               0xc9a9 (size before relaxing)
 .debug_str     0x0000c9a8      0x41f C:\Users\Drew\Dropbox\School\UNIVERSITY OF WASHINGTON\Homework\Year 3\Fall 2014\Operating Systems\LPC Workspace\CMSISv1p30_LPC17xx\Debug\libCMSISv1p30_LPC17xx.a(system_LPC17xx.o)
                               0x7f69 (size before relaxing)
 .debug_str     0x0000cdc7      0x7fe C:\Users\Drew\Dropbox\School\UNIVERSITY OF WASHINGTON\Homework\Year 3\Fall 2014\Operating Systems\LPC Workspace\FreeRTOS_Library\Debug\libFreeRTOS_Library.a(port.o)
                               0xaa6d (size before relaxing)
 .debug_str     0x0000d5c5      0x7db C:\Users\Drew\Dropbox\School\UNIVERSITY OF WASHINGTON\Homework\Year 3\Fall 2014\Operating Systems\LPC Workspace\FreeRTOS_Library\Debug\libFreeRTOS_Library.a(queue.o)
                               0xb69f (size before relaxing)
 .debug_str     0x0000dda0      0xea3 C:\Users\Drew\Dropbox\School\UNIVERSITY OF WASHINGTON\Homework\Year 3\Fall 2014\Operating Systems\LPC Workspace\FreeRTOS_Library\Debug\libFreeRTOS_Library.a(tasks.o)
                               0xbeb2 (size before relaxing)
 .debug_str     0x0000ec43      0x34e C:\Users\Drew\Dropbox\School\UNIVERSITY OF WASHINGTON\Homework\Year 3\Fall 2014\Operating Systems\LPC Workspace\FreeRTOS_Library\Debug\libFreeRTOS_Library.a(timers.o)
                               0xbc5c (size before relaxing)
 .debug_str     0x0000ef91      0x338 C:\Users\Drew\Dropbox\School\UNIVERSITY OF WASHINGTON\Homework\Year 3\Fall 2014\Operating Systems\LPC Workspace\FreeRTOS_Library\Debug\libFreeRTOS_Library.a(heap_2.o)
                               0xa774 (size before relaxing)
 .debug_str     0x0000f2c9       0x47 C:\Users\Drew\Dropbox\School\UNIVERSITY OF WASHINGTON\Homework\Year 3\Fall 2014\Operating Systems\LPC Workspace\FreeRTOS_Library\Debug\libFreeRTOS_Library.a(list.o)
                               0xa118 (size before relaxing)

.comment        0x00000000       0x70
 .comment       0x00000000       0x70 ./cr_startup_lpc17.o
                                 0x71 (size before relaxing)
 .comment       0x00000000       0x71 ./main.o
 .comment       0x00000000       0x71 C:\Users\Drew\Dropbox\School\UNIVERSITY OF WASHINGTON\Homework\Year 3\Fall 2014\Operating Systems\LPC Workspace\CMSISv1p30_LPC17xx\Debug\libCMSISv1p30_LPC17xx.a(system_LPC17xx.o)
 .comment       0x00000000       0x71 C:\Users\Drew\Dropbox\School\UNIVERSITY OF WASHINGTON\Homework\Year 3\Fall 2014\Operating Systems\LPC Workspace\FreeRTOS_Library\Debug\libFreeRTOS_Library.a(port.o)
 .comment       0x00000000       0x71 C:\Users\Drew\Dropbox\School\UNIVERSITY OF WASHINGTON\Homework\Year 3\Fall 2014\Operating Systems\LPC Workspace\FreeRTOS_Library\Debug\libFreeRTOS_Library.a(queue.o)
 .comment       0x00000000       0x71 C:\Users\Drew\Dropbox\School\UNIVERSITY OF WASHINGTON\Homework\Year 3\Fall 2014\Operating Systems\LPC Workspace\FreeRTOS_Library\Debug\libFreeRTOS_Library.a(tasks.o)
 .comment       0x00000000       0x71 C:\Users\Drew\Dropbox\School\UNIVERSITY OF WASHINGTON\Homework\Year 3\Fall 2014\Operating Systems\LPC Workspace\FreeRTOS_Library\Debug\libFreeRTOS_Library.a(timers.o)
 .comment       0x00000000       0x71 C:\Users\Drew\Dropbox\School\UNIVERSITY OF WASHINGTON\Homework\Year 3\Fall 2014\Operating Systems\LPC Workspace\FreeRTOS_Library\Debug\libFreeRTOS_Library.a(heap_2.o)
 .comment       0x00000000       0x71 C:\Users\Drew\Dropbox\School\UNIVERSITY OF WASHINGTON\Homework\Year 3\Fall 2014\Operating Systems\LPC Workspace\FreeRTOS_Library\Debug\libFreeRTOS_Library.a(list.o)
 .comment       0x00000000       0x71 c:/nxp/lpcxpresso_7.4.0_229/lpcxpresso/tools/bin/../lib/gcc/arm-none-eabi/4.8.4/../../../../arm-none-eabi/lib/armv7-m\libcr_semihost.a(_cr__main.o)
 .comment       0x00000000       0x71 c:/nxp/lpcxpresso_7.4.0_229/lpcxpresso/tools/bin/../lib/gcc/arm-none-eabi/4.8.4/../../../../arm-none-eabi/lib/armv7-m\libcr_c.a(memcpy.o)
 .comment       0x00000000       0x71 c:/nxp/lpcxpresso_7.4.0_229/lpcxpresso/tools/bin/../lib/gcc/arm-none-eabi/4.8.4/../../../../arm-none-eabi/lib/armv7-m\libcr_c.a(memset.o)
 .comment       0x00000000       0x71 c:/nxp/lpcxpresso_7.4.0_229/lpcxpresso/tools/bin/../lib/gcc/arm-none-eabi/4.8.4/../../../../arm-none-eabi/lib/armv7-m\libcr_c.a(fpprintf.o)
 .comment       0x00000000       0x71 c:/nxp/lpcxpresso_7.4.0_229/lpcxpresso/tools/bin/../lib/gcc/arm-none-eabi/4.8.4/../../../../arm-none-eabi/lib/armv7-m\libcr_c.a(initio.o)
 .comment       0x00000000       0x71 c:/nxp/lpcxpresso_7.4.0_229/lpcxpresso/tools/bin/../lib/gcc/arm-none-eabi/4.8.4/../../../../arm-none-eabi/lib/armv7-m\libcr_c.a(memcmp.o)
 .comment       0x00000000       0x71 c:/nxp/lpcxpresso_7.4.0_229/lpcxpresso/tools/bin/../lib/gcc/arm-none-eabi/4.8.4/../../../../arm-none-eabi/lib/armv7-m\libcr_c.a(printf.o)
 .comment       0x00000000       0x71 c:/nxp/lpcxpresso_7.4.0_229/lpcxpresso/tools/bin/../lib/gcc/arm-none-eabi/4.8.4/../../../../arm-none-eabi/lib/armv7-m\libcr_c.a(setvbuf.o)
 .comment       0x00000000       0x71 c:/nxp/lpcxpresso_7.4.0_229/lpcxpresso/tools/bin/../lib/gcc/arm-none-eabi/4.8.4/../../../../arm-none-eabi/lib/armv7-m\libcr_c.a(stdio.o)
 .comment       0x00000000       0x71 c:/nxp/lpcxpresso_7.4.0_229/lpcxpresso/tools/bin/../lib/gcc/arm-none-eabi/4.8.4/../../../../arm-none-eabi/lib/armv7-m\libcr_c.a(strlen.o)
 .comment       0x00000000       0x71 c:/nxp/lpcxpresso_7.4.0_229/lpcxpresso/tools/bin/../lib/gcc/arm-none-eabi/4.8.4/../../../../arm-none-eabi/lib/armv7-m\libcr_c.a(_deferredlazyseek.o)
 .comment       0x00000000       0x71 c:/nxp/lpcxpresso_7.4.0_229/lpcxpresso/tools/bin/../lib/gcc/arm-none-eabi/4.8.4/../../../../arm-none-eabi/lib/armv7-m\libcr_c.a(_fdopen.o)
 .comment       0x00000000       0x71 c:/nxp/lpcxpresso_7.4.0_229/lpcxpresso/tools/bin/../lib/gcc/arm-none-eabi/4.8.4/../../../../arm-none-eabi/lib/armv7-m\libcr_c.a(_fflush.o)
 .comment       0x00000000       0x71 c:/nxp/lpcxpresso_7.4.0_229/lpcxpresso/tools/bin/../lib/gcc/arm-none-eabi/4.8.4/../../../../arm-none-eabi/lib/armv7-m\libcr_c.a(_frexpl.o)
 .comment       0x00000000       0x71 c:/nxp/lpcxpresso_7.4.0_229/lpcxpresso/tools/bin/../lib/gcc/arm-none-eabi/4.8.4/../../../../arm-none-eabi/lib/armv7-m\libcr_c.a(_ldexpl.o)
 .comment       0x00000000       0x71 c:/nxp/lpcxpresso_7.4.0_229/lpcxpresso/tools/bin/../lib/gcc/arm-none-eabi/4.8.4/../../../../arm-none-eabi/lib/armv7-m\libcr_c.a(_writebuf.o)
 .comment       0x00000000       0x71 c:/nxp/lpcxpresso_7.4.0_229/lpcxpresso/tools/bin/../lib/gcc/arm-none-eabi/4.8.4/../../../../arm-none-eabi/lib/armv7-m\libcr_c.a(alloc.o)
 .comment       0x00000000       0x71 c:/nxp/lpcxpresso_7.4.0_229/lpcxpresso/tools/bin/../lib/gcc/arm-none-eabi/4.8.4/../../../../arm-none-eabi/lib/armv7-m\libcr_c.a(errno.o)
 .comment       0x00000000       0x71 c:/nxp/lpcxpresso_7.4.0_229/lpcxpresso/tools/bin/../lib/gcc/arm-none-eabi/4.8.4/../../../../arm-none-eabi/lib/armv7-m\libcr_c.a(fclose.o)
 .comment       0x00000000       0x71 c:/nxp/lpcxpresso_7.4.0_229/lpcxpresso/tools/bin/../lib/gcc/arm-none-eabi/4.8.4/../../../../arm-none-eabi/lib/armv7-m\libcr_c.a(fflush.o)
 .comment       0x00000000       0x71 c:/nxp/lpcxpresso_7.4.0_229/lpcxpresso/tools/bin/../lib/gcc/arm-none-eabi/4.8.4/../../../../arm-none-eabi/lib/armv7-m\libcr_c.a(fseek.o)
 .comment       0x00000000       0x71 c:/nxp/lpcxpresso_7.4.0_229/lpcxpresso/tools/bin/../lib/gcc/arm-none-eabi/4.8.4/../../../../arm-none-eabi/lib/armv7-m\libcr_c.a(ftell.o)
 .comment       0x00000000       0x71 c:/nxp/lpcxpresso_7.4.0_229/lpcxpresso/tools/bin/../lib/gcc/arm-none-eabi/4.8.4/../../../../arm-none-eabi/lib/armv7-m\libcr_c.a(remove.o)
 .comment       0x00000000       0x71 c:/nxp/lpcxpresso_7.4.0_229/lpcxpresso/tools/bin/../lib/gcc/arm-none-eabi/4.8.4/../../../../arm-none-eabi/lib/armv7-m\libcr_c.a(__init_alloc.o)
 .comment       0x00000000       0x71 c:/nxp/lpcxpresso_7.4.0_229/lpcxpresso/tools/bin/../lib/gcc/arm-none-eabi/4.8.4/../../../../arm-none-eabi/lib/armv7-m\libcr_c.a(_cr_sbrk.o)
 .comment       0x00000000       0x71 c:/nxp/lpcxpresso_7.4.0_229/lpcxpresso/tools/bin/../lib/gcc/arm-none-eabi/4.8.4/../../../../arm-none-eabi/lib/armv7-m\libcr_c.a(_do_fflush.o)
 .comment       0x00000000       0x71 c:/nxp/lpcxpresso_7.4.0_229/lpcxpresso/tools/bin/../lib/gcc/arm-none-eabi/4.8.4/../../../../arm-none-eabi/lib/armv7-m\libcr_c.a(_hugeval.o)
 .comment       0x00000000       0x71 c:/nxp/lpcxpresso_7.4.0_229/lpcxpresso/tools/bin/../lib/gcc/arm-none-eabi/4.8.4/../../../../arm-none-eabi/lib/armv7-m\libcr_c.a(_cr_check_heap.o)
 .comment       0x00000000       0x71 c:/nxp/lpcxpresso_7.4.0_229/lpcxpresso/tools/bin/../lib/gcc/arm-none-eabi/4.8.4/armv7-m\libcr_eabihelpers.a(double.o)

.ARM.attributes
                0x00000000       0x31
 .ARM.attributes
                0x00000000       0x33 ./cr_startup_lpc17.o
 .ARM.attributes
                0x00000033       0x33 ./main.o
 .ARM.attributes
                0x00000066       0x33 C:\Users\Drew\Dropbox\School\UNIVERSITY OF WASHINGTON\Homework\Year 3\Fall 2014\Operating Systems\LPC Workspace\CMSISv1p30_LPC17xx\Debug\libCMSISv1p30_LPC17xx.a(system_LPC17xx.o)
 .ARM.attributes
                0x00000099       0x33 C:\Users\Drew\Dropbox\School\UNIVERSITY OF WASHINGTON\Homework\Year 3\Fall 2014\Operating Systems\LPC Workspace\FreeRTOS_Library\Debug\libFreeRTOS_Library.a(port.o)
 .ARM.attributes
                0x000000cc       0x33 C:\Users\Drew\Dropbox\School\UNIVERSITY OF WASHINGTON\Homework\Year 3\Fall 2014\Operating Systems\LPC Workspace\FreeRTOS_Library\Debug\libFreeRTOS_Library.a(queue.o)
 .ARM.attributes
                0x000000ff       0x33 C:\Users\Drew\Dropbox\School\UNIVERSITY OF WASHINGTON\Homework\Year 3\Fall 2014\Operating Systems\LPC Workspace\FreeRTOS_Library\Debug\libFreeRTOS_Library.a(tasks.o)
 .ARM.attributes
                0x00000132       0x33 C:\Users\Drew\Dropbox\School\UNIVERSITY OF WASHINGTON\Homework\Year 3\Fall 2014\Operating Systems\LPC Workspace\FreeRTOS_Library\Debug\libFreeRTOS_Library.a(timers.o)
 .ARM.attributes
                0x00000165       0x33 C:\Users\Drew\Dropbox\School\UNIVERSITY OF WASHINGTON\Homework\Year 3\Fall 2014\Operating Systems\LPC Workspace\FreeRTOS_Library\Debug\libFreeRTOS_Library.a(heap_2.o)
 .ARM.attributes
                0x00000198       0x33 C:\Users\Drew\Dropbox\School\UNIVERSITY OF WASHINGTON\Homework\Year 3\Fall 2014\Operating Systems\LPC Workspace\FreeRTOS_Library\Debug\libFreeRTOS_Library.a(list.o)
 .ARM.attributes
                0x000001cb       0x33 c:/nxp/lpcxpresso_7.4.0_229/lpcxpresso/tools/bin/../lib/gcc/arm-none-eabi/4.8.4/../../../../arm-none-eabi/lib/armv7-m\libcr_semihost.a(_cr__main.o)
 .ARM.attributes
                0x000001fe       0x33 c:/nxp/lpcxpresso_7.4.0_229/lpcxpresso/tools/bin/../lib/gcc/arm-none-eabi/4.8.4/../../../../arm-none-eabi/lib/armv7-m\libcr_c.a(memcpy.o)
 .ARM.attributes
                0x00000231       0x33 c:/nxp/lpcxpresso_7.4.0_229/lpcxpresso/tools/bin/../lib/gcc/arm-none-eabi/4.8.4/../../../../arm-none-eabi/lib/armv7-m\libcr_c.a(memset.o)
 .ARM.attributes
                0x00000264       0x33 c:/nxp/lpcxpresso_7.4.0_229/lpcxpresso/tools/bin/../lib/gcc/arm-none-eabi/4.8.4/../../../../arm-none-eabi/lib/armv7-m\libcr_c.a(fpprintf.o)
 .ARM.attributes
                0x00000297       0x33 c:/nxp/lpcxpresso_7.4.0_229/lpcxpresso/tools/bin/../lib/gcc/arm-none-eabi/4.8.4/../../../../arm-none-eabi/lib/armv7-m\libcr_c.a(initio.o)
 .ARM.attributes
                0x000002ca       0x33 c:/nxp/lpcxpresso_7.4.0_229/lpcxpresso/tools/bin/../lib/gcc/arm-none-eabi/4.8.4/../../../../arm-none-eabi/lib/armv7-m\libcr_c.a(memcmp.o)
 .ARM.attributes
                0x000002fd       0x33 c:/nxp/lpcxpresso_7.4.0_229/lpcxpresso/tools/bin/../lib/gcc/arm-none-eabi/4.8.4/../../../../arm-none-eabi/lib/armv7-m\libcr_c.a(printf.o)
 .ARM.attributes
                0x00000330       0x33 c:/nxp/lpcxpresso_7.4.0_229/lpcxpresso/tools/bin/../lib/gcc/arm-none-eabi/4.8.4/../../../../arm-none-eabi/lib/armv7-m\libcr_c.a(setvbuf.o)
 .ARM.attributes
                0x00000363       0x33 c:/nxp/lpcxpresso_7.4.0_229/lpcxpresso/tools/bin/../lib/gcc/arm-none-eabi/4.8.4/../../../../arm-none-eabi/lib/armv7-m\libcr_c.a(stdio.o)
 .ARM.attributes
                0x00000396       0x33 c:/nxp/lpcxpresso_7.4.0_229/lpcxpresso/tools/bin/../lib/gcc/arm-none-eabi/4.8.4/../../../../arm-none-eabi/lib/armv7-m\libcr_c.a(strlen.o)
 .ARM.attributes
                0x000003c9       0x33 c:/nxp/lpcxpresso_7.4.0_229/lpcxpresso/tools/bin/../lib/gcc/arm-none-eabi/4.8.4/../../../../arm-none-eabi/lib/armv7-m\libcr_c.a(_deferredlazyseek.o)
 .ARM.attributes
                0x000003fc       0x33 c:/nxp/lpcxpresso_7.4.0_229/lpcxpresso/tools/bin/../lib/gcc/arm-none-eabi/4.8.4/../../../../arm-none-eabi/lib/armv7-m\libcr_c.a(_fdopen.o)
 .ARM.attributes
                0x0000042f       0x33 c:/nxp/lpcxpresso_7.4.0_229/lpcxpresso/tools/bin/../lib/gcc/arm-none-eabi/4.8.4/../../../../arm-none-eabi/lib/armv7-m\libcr_c.a(_fflush.o)
 .ARM.attributes
                0x00000462       0x33 c:/nxp/lpcxpresso_7.4.0_229/lpcxpresso/tools/bin/../lib/gcc/arm-none-eabi/4.8.4/../../../../arm-none-eabi/lib/armv7-m\libcr_c.a(_frexpl.o)
 .ARM.attributes
                0x00000495       0x33 c:/nxp/lpcxpresso_7.4.0_229/lpcxpresso/tools/bin/../lib/gcc/arm-none-eabi/4.8.4/../../../../arm-none-eabi/lib/armv7-m\libcr_c.a(_ldexpl.o)
 .ARM.attributes
                0x000004c8       0x33 c:/nxp/lpcxpresso_7.4.0_229/lpcxpresso/tools/bin/../lib/gcc/arm-none-eabi/4.8.4/../../../../arm-none-eabi/lib/armv7-m\libcr_c.a(_writebuf.o)
 .ARM.attributes
                0x000004fb       0x33 c:/nxp/lpcxpresso_7.4.0_229/lpcxpresso/tools/bin/../lib/gcc/arm-none-eabi/4.8.4/../../../../arm-none-eabi/lib/armv7-m\libcr_c.a(alloc.o)
 .ARM.attributes
                0x0000052e       0x33 c:/nxp/lpcxpresso_7.4.0_229/lpcxpresso/tools/bin/../lib/gcc/arm-none-eabi/4.8.4/../../../../arm-none-eabi/lib/armv7-m\libcr_c.a(errno.o)
 .ARM.attributes
                0x00000561       0x33 c:/nxp/lpcxpresso_7.4.0_229/lpcxpresso/tools/bin/../lib/gcc/arm-none-eabi/4.8.4/../../../../arm-none-eabi/lib/armv7-m\libcr_c.a(fclose.o)
 .ARM.attributes
                0x00000594       0x33 c:/nxp/lpcxpresso_7.4.0_229/lpcxpresso/tools/bin/../lib/gcc/arm-none-eabi/4.8.4/../../../../arm-none-eabi/lib/armv7-m\libcr_c.a(fflush.o)
 .ARM.attributes
                0x000005c7       0x33 c:/nxp/lpcxpresso_7.4.0_229/lpcxpresso/tools/bin/../lib/gcc/arm-none-eabi/4.8.4/../../../../arm-none-eabi/lib/armv7-m\libcr_c.a(fseek.o)
 .ARM.attributes
                0x000005fa       0x33 c:/nxp/lpcxpresso_7.4.0_229/lpcxpresso/tools/bin/../lib/gcc/arm-none-eabi/4.8.4/../../../../arm-none-eabi/lib/armv7-m\libcr_c.a(ftell.o)
 .ARM.attributes
                0x0000062d       0x33 c:/nxp/lpcxpresso_7.4.0_229/lpcxpresso/tools/bin/../lib/gcc/arm-none-eabi/4.8.4/../../../../arm-none-eabi/lib/armv7-m\libcr_c.a(remove.o)
 .ARM.attributes
                0x00000660       0x33 c:/nxp/lpcxpresso_7.4.0_229/lpcxpresso/tools/bin/../lib/gcc/arm-none-eabi/4.8.4/../../../../arm-none-eabi/lib/armv7-m\libcr_c.a(__init_alloc.o)
 .ARM.attributes
                0x00000693       0x33 c:/nxp/lpcxpresso_7.4.0_229/lpcxpresso/tools/bin/../lib/gcc/arm-none-eabi/4.8.4/../../../../arm-none-eabi/lib/armv7-m\libcr_c.a(_cr_sbrk.o)
 .ARM.attributes
                0x000006c6       0x33 c:/nxp/lpcxpresso_7.4.0_229/lpcxpresso/tools/bin/../lib/gcc/arm-none-eabi/4.8.4/../../../../arm-none-eabi/lib/armv7-m\libcr_c.a(_do_fflush.o)
 .ARM.attributes
                0x000006f9       0x33 c:/nxp/lpcxpresso_7.4.0_229/lpcxpresso/tools/bin/../lib/gcc/arm-none-eabi/4.8.4/../../../../arm-none-eabi/lib/armv7-m\libcr_c.a(_hugeval.o)
 .ARM.attributes
                0x0000072c       0x33 c:/nxp/lpcxpresso_7.4.0_229/lpcxpresso/tools/bin/../lib/gcc/arm-none-eabi/4.8.4/../../../../arm-none-eabi/lib/armv7-m\libcr_c.a(_cr_check_heap.o)
 .ARM.attributes
                0x0000075f       0x33 c:/nxp/lpcxpresso_7.4.0_229/lpcxpresso/tools/bin/../lib/gcc/arm-none-eabi/4.8.4/armv7-m\libcr_eabihelpers.a(double.o)
 .ARM.attributes
                0x00000792       0x21 c:/nxp/lpcxpresso_7.4.0_229/lpcxpresso/tools/bin/../lib/gcc/arm-none-eabi/4.8.4/armv7-m\libcr_eabihelpers.a(memcpy.o)
 .ARM.attributes
                0x000007b3       0x21 c:/nxp/lpcxpresso_7.4.0_229/lpcxpresso/tools/bin/../lib/gcc/arm-none-eabi/4.8.4/../../../../arm-none-eabi/lib/armv7-m\libcr_semihost.a(__sys_appexit.o)
 .ARM.attributes
                0x000007d4       0x21 c:/nxp/lpcxpresso_7.4.0_229/lpcxpresso/tools/bin/../lib/gcc/arm-none-eabi/4.8.4/../../../../arm-none-eabi/lib/armv7-m\libcr_semihost.a(__sys_close.o)
 .ARM.attributes
                0x000007f5       0x21 c:/nxp/lpcxpresso_7.4.0_229/lpcxpresso/tools/bin/../lib/gcc/arm-none-eabi/4.8.4/../../../../arm-none-eabi/lib/armv7-m\libcr_semihost.a(__sys_flen.o)
 .ARM.attributes
                0x00000816       0x21 c:/nxp/lpcxpresso_7.4.0_229/lpcxpresso/tools/bin/../lib/gcc/arm-none-eabi/4.8.4/../../../../arm-none-eabi/lib/armv7-m\libcr_semihost.a(__sys_istty.o)
 .ARM.attributes
                0x00000837       0x21 c:/nxp/lpcxpresso_7.4.0_229/lpcxpresso/tools/bin/../lib/gcc/arm-none-eabi/4.8.4/../../../../arm-none-eabi/lib/armv7-m\libcr_semihost.a(__sys_remove.o)
 .ARM.attributes
                0x00000858       0x21 c:/nxp/lpcxpresso_7.4.0_229/lpcxpresso/tools/bin/../lib/gcc/arm-none-eabi/4.8.4/../../../../arm-none-eabi/lib/armv7-m\libcr_semihost.a(__sys_seek.o)
 .ARM.attributes
                0x00000879       0x21 c:/nxp/lpcxpresso_7.4.0_229/lpcxpresso/tools/bin/../lib/gcc/arm-none-eabi/4.8.4/../../../../arm-none-eabi/lib/armv7-m\libcr_semihost.a(__sys_tmpnam.o)
 .ARM.attributes
                0x0000089a       0x21 c:/nxp/lpcxpresso_7.4.0_229/lpcxpresso/tools/bin/../lib/gcc/arm-none-eabi/4.8.4/../../../../arm-none-eabi/lib/armv7-m\libcr_semihost.a(__sys_write.o)

.debug_frame    0x00000000      0xb58
 .debug_frame   0x00000000       0xc8 ./cr_startup_lpc17.o
 .debug_frame   0x000000c8      0x188 ./main.o
 .debug_frame   0x00000250       0x3c C:\Users\Drew\Dropbox\School\UNIVERSITY OF WASHINGTON\Homework\Year 3\Fall 2014\Operating Systems\LPC Workspace\CMSISv1p30_LPC17xx\Debug\libCMSISv1p30_LPC17xx.a(system_LPC17xx.o)
 .debug_frame   0x0000028c      0x138 C:\Users\Drew\Dropbox\School\UNIVERSITY OF WASHINGTON\Homework\Year 3\Fall 2014\Operating Systems\LPC Workspace\FreeRTOS_Library\Debug\libFreeRTOS_Library.a(port.o)
 .debug_frame   0x000003c4      0x22c C:\Users\Drew\Dropbox\School\UNIVERSITY OF WASHINGTON\Homework\Year 3\Fall 2014\Operating Systems\LPC Workspace\FreeRTOS_Library\Debug\libFreeRTOS_Library.a(queue.o)
 .debug_frame   0x000005f0      0x380 C:\Users\Drew\Dropbox\School\UNIVERSITY OF WASHINGTON\Homework\Year 3\Fall 2014\Operating Systems\LPC Workspace\FreeRTOS_Library\Debug\libFreeRTOS_Library.a(tasks.o)
 .debug_frame   0x00000970      0x118 C:\Users\Drew\Dropbox\School\UNIVERSITY OF WASHINGTON\Homework\Year 3\Fall 2014\Operating Systems\LPC Workspace\FreeRTOS_Library\Debug\libFreeRTOS_Library.a(timers.o)
 .debug_frame   0x00000a88       0x68 C:\Users\Drew\Dropbox\School\UNIVERSITY OF WASHINGTON\Homework\Year 3\Fall 2014\Operating Systems\LPC Workspace\FreeRTOS_Library\Debug\libFreeRTOS_Library.a(heap_2.o)
 .debug_frame   0x00000af0       0x68 C:\Users\Drew\Dropbox\School\UNIVERSITY OF WASHINGTON\Homework\Year 3\Fall 2014\Operating Systems\LPC Workspace\FreeRTOS_Library\Debug\libFreeRTOS_Library.a(list.o)
