Archive member included because of file (symbol)

C:\Users\Drew\Dropbox\School\UNIVERSITY OF WASHINGTON\Homework\Year 3\Fall 2014\Operating Systems\LPC Workspace\CMSISv1p30_LPC17xx\Debug\libCMSISv1p30_LPC17xx.a(system_LPC17xx.o)
                              ./cr_startup_lpc17.o (SystemInit)
C:\Users\Drew\Dropbox\School\UNIVERSITY OF WASHINGTON\Homework\Year 3\Fall 2014\Operating Systems\LPC Workspace\FreeRTOS_Library\Debug\libFreeRTOS_Library.a(port.o)
                              ./cr_startup_lpc17.o (vPortSVCHandler)
C:\Users\Drew\Dropbox\School\UNIVERSITY OF WASHINGTON\Homework\Year 3\Fall 2014\Operating Systems\LPC Workspace\FreeRTOS_Library\Debug\libFreeRTOS_Library.a(queue.o)
                              ./main.o (xQueueGenericCreate)
C:\Users\Drew\Dropbox\School\UNIVERSITY OF WASHINGTON\Homework\Year 3\Fall 2014\Operating Systems\LPC Workspace\FreeRTOS_Library\Debug\libFreeRTOS_Library.a(tasks.o)
                              ./main.o (xTaskGenericCreate)
C:\Users\Drew\Dropbox\School\UNIVERSITY OF WASHINGTON\Homework\Year 3\Fall 2014\Operating Systems\LPC Workspace\FreeRTOS_Library\Debug\libFreeRTOS_Library.a(heap_2.o)
                              C:\Users\Drew\Dropbox\School\UNIVERSITY OF WASHINGTON\Homework\Year 3\Fall 2014\Operating Systems\LPC Workspace\FreeRTOS_Library\Debug\libFreeRTOS_Library.a(queue.o) (pvPortMalloc)
C:\Users\Drew\Dropbox\School\UNIVERSITY OF WASHINGTON\Homework\Year 3\Fall 2014\Operating Systems\LPC Workspace\FreeRTOS_Library\Debug\libFreeRTOS_Library.a(list.o)
                              C:\Users\Drew\Dropbox\School\UNIVERSITY OF WASHINGTON\Homework\Year 3\Fall 2014\Operating Systems\LPC Workspace\FreeRTOS_Library\Debug\libFreeRTOS_Library.a(queue.o) (vListInitialise)
c:/nxp/lpcxpresso_7.4.0_229/lpcxpresso/tools/bin/../lib/gcc/arm-none-eabi/4.8.4/../../../../arm-none-eabi/lib/armv7-m\libcr_semihost.a(_cr__main.o)
                              ./cr_startup_lpc17.o (__main)
c:/nxp/lpcxpresso_7.4.0_229/lpcxpresso/tools/bin/../lib/gcc/arm-none-eabi/4.8.4/../../../../arm-none-eabi/lib/armv7-m\libcr_c.a(memcpy.o)
                              C:\Users\Drew\Dropbox\School\UNIVERSITY OF WASHINGTON\Homework\Year 3\Fall 2014\Operating Systems\LPC Workspace\FreeRTOS_Library\Debug\libFreeRTOS_Library.a(queue.o) (memcpy)
c:/nxp/lpcxpresso_7.4.0_229/lpcxpresso/tools/bin/../lib/gcc/arm-none-eabi/4.8.4/../../../../arm-none-eabi/lib/armv7-m\libcr_c.a(memset.o)
                              C:\Users\Drew\Dropbox\School\UNIVERSITY OF WASHINGTON\Homework\Year 3\Fall 2014\Operating Systems\LPC Workspace\FreeRTOS_Library\Debug\libFreeRTOS_Library.a(tasks.o) (memset)
c:/nxp/lpcxpresso_7.4.0_229/lpcxpresso/tools/bin/../lib/gcc/arm-none-eabi/4.8.4/../../../../arm-none-eabi/lib/armv7-m\libcr_c.a(fpprintf.o)
                              ./main.o (printf)
c:/nxp/lpcxpresso_7.4.0_229/lpcxpresso/tools/bin/../lib/gcc/arm-none-eabi/4.8.4/../../../../arm-none-eabi/lib/armv7-m\libcr_c.a(initio.o)
                              c:/nxp/lpcxpresso_7.4.0_229/lpcxpresso/tools/bin/../lib/gcc/arm-none-eabi/4.8.4/../../../../arm-none-eabi/lib/armv7-m\libcr_semihost.a(_cr__main.o) (_initio)
c:/nxp/lpcxpresso_7.4.0_229/lpcxpresso/tools/bin/../lib/gcc/arm-none-eabi/4.8.4/../../../../arm-none-eabi/lib/armv7-m\libcr_c.a(memcmp.o)
                              C:\Users\Drew\Dropbox\School\UNIVERSITY OF WASHINGTON\Homework\Year 3\Fall 2014\Operating Systems\LPC Workspace\FreeRTOS_Library\Debug\libFreeRTOS_Library.a(tasks.o) (memcmp)
c:/nxp/lpcxpresso_7.4.0_229/lpcxpresso/tools/bin/../lib/gcc/arm-none-eabi/4.8.4/../../../../arm-none-eabi/lib/armv7-m\libcr_c.a(printf.o)
                              c:/nxp/lpcxpresso_7.4.0_229/lpcxpresso/tools/bin/../lib/gcc/arm-none-eabi/4.8.4/../../../../arm-none-eabi/lib/armv7-m\libcr_c.a(fpprintf.o) (__vfprintf)
c:/nxp/lpcxpresso_7.4.0_229/lpcxpresso/tools/bin/../lib/gcc/arm-none-eabi/4.8.4/../../../../arm-none-eabi/lib/armv7-m\libcr_c.a(setvbuf.o)
                              c:/nxp/lpcxpresso_7.4.0_229/lpcxpresso/tools/bin/../lib/gcc/arm-none-eabi/4.8.4/../../../../arm-none-eabi/lib/armv7-m\libcr_c.a(initio.o) (setvbuf)
c:/nxp/lpcxpresso_7.4.0_229/lpcxpresso/tools/bin/../lib/gcc/arm-none-eabi/4.8.4/../../../../arm-none-eabi/lib/armv7-m\libcr_c.a(stdio.o)
                              c:/nxp/lpcxpresso_7.4.0_229/lpcxpresso/tools/bin/../lib/gcc/arm-none-eabi/4.8.4/../../../../arm-none-eabi/lib/armv7-m\libcr_c.a(fpprintf.o) (__Ciob)
c:/nxp/lpcxpresso_7.4.0_229/lpcxpresso/tools/bin/../lib/gcc/arm-none-eabi/4.8.4/../../../../arm-none-eabi/lib/armv7-m\libcr_c.a(strlen.o)
                              c:/nxp/lpcxpresso_7.4.0_229/lpcxpresso/tools/bin/../lib/gcc/arm-none-eabi/4.8.4/../../../../arm-none-eabi/lib/armv7-m\libcr_c.a(printf.o) (strlen)
c:/nxp/lpcxpresso_7.4.0_229/lpcxpresso/tools/bin/../lib/gcc/arm-none-eabi/4.8.4/../../../../arm-none-eabi/lib/armv7-m\libcr_c.a(__fillbuf.o)
[...]
Memory Configuration

Name             Origin             Length             Attributes
MFlash512        0x00000000         0x00080000         xr
RamLoc32         0x10000000         0x00008000         xrw
RamAHB32         0x2007c000         0x00008000         xrw
*default*        0x00000000         0xffffffff

Linker script and memory map

LOAD ./cr_startup_lpc17.o
LOAD ./main.o
LOAD C:\Users\Drew\Dropbox\School\UNIVERSITY OF WASHINGTON\Homework\Year 3\Fall 2014\Operating Systems\LPC Workspace\CMSISv1p30_LPC17xx\Debug\libCMSISv1p30_LPC17xx.a
LOAD C:\Users\Drew\Dropbox\School\UNIVERSITY OF WASHINGTON\Homework\Year 3\Fall 2014\Operating Systems\LPC Workspace\FreeRTOS_Library\Debug\libFreeRTOS_Library.a
START GROUP
LOAD c:/nxp/lpcxpresso_7.4.0_229/lpcxpresso/tools/bin/../lib/gcc/arm-none-eabi/4.8.4/../../../../arm-none-eabi/lib/armv7-m\libcr_semihost.a
LOAD c:/nxp/lpcxpresso_7.4.0_229/lpcxpresso/tools/bin/../lib/gcc/arm-none-eabi/4.8.4/../../../../arm-none-eabi/lib/armv7-m\libcr_c.a
LOAD c:/nxp/lpcxpresso_7.4.0_229/lpcxpresso/tools/bin/../lib/gcc/arm-none-eabi/4.8.4/armv7-m\libcr_eabihelpers.a
END GROUP
                0x00080000                __top_MFlash512 = 0x80000
                0x10008000                __top_RamLoc32 = 0x10008000
                0x20084000                __top_RamAHB32 = 0x20084000

.text           0x00000000     0x4718
 FILL mask 0xff
                0x00000000                __vectors_start__ = ABSOLUTE (.)
 *(.isr_vector)
 .isr_vector    0x00000000       0xcc ./cr_startup_lpc17.o
                0x00000000                g_pfnVectors
                0x000000cc                . = ALIGN (0x4)
                0x000000cc                __section_table_start = .
                0x000000cc                __data_section_table = .
                0x000000cc        0x4 LONG 0x4718 LOADADDR (.data)
                0x000000d0        0x4 LONG 0x10000000 ADDR (.data)
                0x000000d4        0x4 LONG 0xc SIZEOF (.data)
                0x000000d8        0x4 LONG 0x4718 LOADADDR (.data_RAM2)
                0x000000dc        0x4 LONG 0x2007c000 ADDR (.data_RAM2)
                0x000000e0        0x4 LONG 0x0 SIZEOF (.data_RAM2)
                0x000000e4                __data_section_table_end = .
                0x000000e4                __bss_section_table = .
                0x000000e4        0x4 LONG 0x10000010 ADDR (.bss)
                0x000000e8        0x4 LONG 0x2a88 SIZEOF (.bss)
                0x000000ec        0x4 LONG 0x2007c000 ADDR (.bss_RAM2)
                0x000000f0        0x4 LONG 0x0 SIZEOF (.bss_RAM2)
                0x000000f4                __bss_section_table_end = .
                0x000000f4                __section_table_end = .
 *(.after_vectors*)
 *(.text*)
 .text.NMI_Handler
                0x000000f4        0x4 ./cr_startup_lpc17.o
                0x000000f4                NMI_Handler
 .text.HardFault_Handler
                0x000000f8        0x4 ./cr_startup_lpc17.o
                0x000000f8                HardFault_Handler
 .text.MemManage_Handler
                0x000000fc        0x4 ./cr_startup_lpc17.o
                0x000000fc                MemManage_Handler
 .text.BusFault_Handler
                0x00000100        0x4 ./cr_startup_lpc17.o
                0x00000100                BusFault_Handler
 .text.UsageFault_Handler
                0x00000104        0x4 ./cr_startup_lpc17.o
                0x00000104                UsageFault_Handler
 .text.DebugMon_Handler
                0x00000108        0x4 ./cr_startup_lpc17.o
                0x00000108                DebugMon_Handler
 .text.IntDefaultHandler
                0x0000010c        0x4 ./cr_startup_lpc17.o
                0x0000010c                TIMER2_IRQHandler
                0x0000010c                RIT_IRQHandler
                0x0000010c                I2C0_IRQHandler
                0x0000010c                USBActivity_IRQHandler
                0x0000010c                PWM1_IRQHandler
                0x0000010c                I2C1_IRQHandler
                0x0000010c                EINT2_IRQHandler
                0x0000010c                UART1_IRQHandler
                0x0000010c                CANActivity_IRQHandler
                0x0000010c                TIMER3_IRQHandler
                0x0000010c                UART0_IRQHandler
                0x0000010c                IntDefaultHandler
                0x0000010c                PLL0_IRQHandler
                0x0000010c                CAN_IRQHandler
                0x0000010c                PLL1_IRQHandler
                0x0000010c                SSP0_IRQHandler
                0x0000010c                I2S_IRQHandler
                0x0000010c                I2C2_IRQHandler
                0x0000010c                RTC_IRQHandler
                0x0000010c                TIMER0_IRQHandler
                0x0000010c                SPI_IRQHandler
                0x0000010c                EINT1_IRQHandler
                0x0000010c                TIMER1_IRQHandler
                0x0000010c                UART2_IRQHandler
                0x0000010c                ADC_IRQHandler
                0x0000010c                SSP1_IRQHandler
                0x0000010c                USB_IRQHandler
                0x0000010c                BOD_IRQHandler
                0x0000010c                WDT_IRQHandler
                0x0000010c                QEI_IRQHandler
                0x0000010c                EINT0_IRQHandler
                0x0000010c                DMA_IRQHandler
                0x0000010c                UART3_IRQHandler
                0x0000010c                MCPWM_IRQHandler
                0x0000010c                ENET_IRQHandler
 .text.ResetISR
                0x00000110       0x48 ./cr_startup_lpc17.o
                0x00000110                ResetISR
 .text.prvSetupSoftwareInterrupt
                0x00000158       0x14 ./main.o
 .text.vHandlerTask
                0x0000016c       0x68 ./main.o
 .text.vPrintTask
                0x000001d4       0x3c ./main.o
 .text.vCalculateTask
                0x00000210       0xe0 ./main.o
 .text.vPeriodicTask
                0x000002f0       0x18 ./main.o
 .text.main     0x00000308      0x160 ./main.o
                0x00000308                main
 .text.EINT3_IRQHandler
                0x00000468       0x40 ./main.o
                0x00000468                EINT3_IRQHandler
 .text.vSoftwareInterruptHandler
                0x000004a8       0x3c ./main.o
                0x000004a8                vSoftwareInterruptHandler
 .text.vApplicationMallocFailedHook
                0x000004e4        0x4 ./main.o
                0x000004e4                vApplicationMallocFailedHook
 .text.vApplicationStackOverflowHook
                0x000004e8        0x4 ./main.o
                0x000004e8                vApplicationStackOverflowHook
 .text.vApplicationIdleHook
                0x000004ec        0x4 ./main.o
                0x000004ec                vApplicationIdleHook
 .text.vApplicationTickHook
                0x000004f0        0x4 ./main.o
                0x000004f0                vApplicationTickHook
 .text.SystemInit
                0x000004f4       0xec C:\Users\Drew\Dropbox\School\UNIVERSITY OF WASHINGTON\Homework\Year 3\Fall 2014\Operating Systems\LPC Workspace\CMSISv1p30_LPC17xx\Debug\libCMSISv1p30_LPC17xx.a(system_LPC17xx.o)
                0x000004f4                SystemInit
 .text          0x000005e0      0x260 C:\Users\Drew\Dropbox\School\UNIVERSITY OF WASHINGTON\Homework\Year 3\Fall 2014\Operating Systems\LPC Workspace\FreeRTOS_Library\Debug\libFreeRTOS_Library.a(port.o)
                0x000005f8                pxPortInitialiseStack
                0x00000618                vPortSVCHandler
                0x0000063c                vPortYield
                0x00000654                ulPortSetInterruptMask
                0x00000680                vPortEndScheduler
                0x00000698                vPortEnterCritical
                0x000006b4                vPortClearInterruptMask
                0x000006bc                vPortExitCritical
                0x000006e0                xPortPendSVHandler
                0x00000724                xPortSysTickHandler
                0x00000744                vPortSetupTimerInterrupt
                0x0000075c                xPortStartScheduler
                0x000007f8                vPortValidateInterruptPriority
 .text          0x00000840      0x658 C:\Users\Drew\Dropbox\School\UNIVERSITY OF WASHINGTON\Homework\Year 3\Fall 2014\Operating Systems\LPC Workspace\FreeRTOS_Library\Debug\libFreeRTOS_Library.a(queue.o)
                0x00000948                xQueueGenericReset
                0x000009ac                xQueueGenericCreate
                0x000009ec                xQueueCreateCountingSemaphore
                0x00000a1c                xQueueGenericSend
                0x00000b28                xQueueCreateMutex
                0x00000b78                xQueueGenericSendFromISR
                0x00000c18                xQueueGenericReceive
                0x00000d40                xQueueReceiveFromISR
                0x00000db8                xQueuePeekFromISR
                0x00000dfc                uxQueueMessagesWaiting
                0x00000e18                uxQueueSpacesAvailable
                0x00000e38                uxQueueMessagesWaitingFromISR
                0x00000e48                vQueueDelete
                0x00000e64                xQueueIsQueueEmptyFromISR
                0x00000e7c                xQueueIsQueueFullFromISR
 .text          0x00000e98      0xc70 C:\Users\Drew\Dropbox\School\UNIVERSITY OF WASHINGTON\Homework\Year 3\Fall 2014\Operating Systems\LPC Workspace\FreeRTOS_Library\Debug\libFreeRTOS_Library.a(tasks.o)
                0x00000f38                xTaskGenericCreate
                0x000010ec                vTaskDelete
                0x00001164                uxTaskPriorityGet
                0x00001180                vTaskPrioritySet
                0x00001234                vTaskResume
                0x0000129c                xTaskResumeFromISR
                0x00001328                vTaskStartScheduler
                0x00001374                vTaskEndScheduler
                0x0000138c                vTaskSuspendAll
                0x000013a0                xTaskGetTickCount
                0x000013b8                xTaskGetTickCountFromISR
                0x000013d4                uxTaskGetNumberOfTasks
                0x000013e0                xTaskIncrementTick
                0x000014e0                xTaskResumeAll
                0x000015b8                vTaskDelayUntil
                0x0000162c                vTaskDelay
                0x000016c0                vTaskSwitchContext
                0x0000178c                vTaskSuspend
                0x0000180c                vTaskPlaceOnEventList
                0x0000184c                vTaskPlaceOnUnorderedEventList
                0x000018a4                xTaskRemoveFromEventList
                0x0000191c                xTaskRemoveFromUnorderedEventList
                0x00001988                vTaskSetTimeOutState
                0x000019a4                xTaskCheckForTimeOut
                0x00001a0c                vTaskMissedYield
                0x00001a1c                xTaskGetCurrentTaskHandle
                0x00001a28                vTaskPriorityInherit
                0x00001aa0                vTaskPriorityDisinherit
                0x00001af0                uxTaskResetEventItemValue
 .text          0x00001b08      0x11c C:\Users\Drew\Dropbox\School\UNIVERSITY OF WASHINGTON\Homework\Year 3\Fall 2014\Operating Systems\LPC Workspace\FreeRTOS_Library\Debug\libFreeRTOS_Library.a(heap_2.o)
                0x00001b08                pvPortMalloc
                0x00001bd4                vPortFree
                0x00001c14                xPortGetFreeHeapSize
                0x00001c20                vPortInitialiseBlocks
 .text          0x00001c24       0x90 C:\Users\Drew\Dropbox\School\UNIVERSITY OF WASHINGTON\Homework\Year 3\Fall 2014\Operating Systems\LPC Workspace\FreeRTOS_Library\Debug\libFreeRTOS_Library.a(list.o)
                0x00001c24                vListInitialise
                0x00001c3c                vListInitialiseItem
                0x00001c44                vListInsertEnd
                0x00001c5c                vListInsert
                0x00001c90                uxListRemove
 .text.__main   0x00001cb4       0x14 c:/nxp/lpcxpresso_7.4.0_229/lpcxpresso/tools/bin/../lib/gcc/arm-none-eabi/4.8.4/../../../../arm-none-eabi/lib/armv7-m\libcr_semihost.a(_cr__main.o)
                0x00001cb4                __CR_SEMIHOST
                0x00001cb4                __main
 .text.memcpy   0x00001cc8        0x4 c:/nxp/lpcxpresso_7.4.0_229/lpcxpresso/tools/bin/../lib/gcc/arm-none-eabi/4.8.4/../../../../arm-none-eabi/lib/armv7-m\libcr_c.a(memcpy.o)
                0x00001cc8                memcpy
 .text.memset   0x00001ccc        0x4 c:/nxp/lpcxpresso_7.4.0_229/lpcxpresso/tools/bin/../lib/gcc/arm-none-eabi/4.8.4/../../../../arm-none-eabi/lib/armv7-m\libcr_c.a(memset.o)
                0x00001ccc                memset
 .text.fp_round
                0x00001cd0       0x4e c:/nxp/lpcxpresso_7.4.0_229/lpcxpresso/tools/bin/../lib/gcc/arm-none-eabi/4.8.4/../../../../arm-none-eabi/lib/armv7-m\libcr_c.a(fpprintf.o)
 .text.pr_dec.constprop.1
                0x00001d1e       0x26 c:/nxp/lpcxpresso_7.4.0_229/lpcxpresso/tools/bin/../lib/gcc/arm-none-eabi/4.8.4/../../../../arm-none-eabi/lib/armv7-m\libcr_c.a(fpprintf.o)
 .text.sprintf  0x00001d44       0x6c c:/nxp/lpcxpresso_7.4.0_229/lpcxpresso/tools/bin/../lib/gcc/arm-none-eabi/4.8.4/../../../../arm-none-eabi/lib/armv7-m\libcr_c.a(fpprintf.o)
                0x00001d44                sprintf
 .text.fp_display
                0x00001db0      0x998 c:/nxp/lpcxpresso_7.4.0_229/lpcxpresso/tools/bin/../lib/gcc/arm-none-eabi/4.8.4/../../../../arm-none-eabi/lib/armv7-m\libcr_c.a(fpprintf.o)
 .text.vsnprintf
                0x00002748       0x5c c:/nxp/lpcxpresso_7.4.0_229/lpcxpresso/tools/bin/../lib/gcc/arm-none-eabi/4.8.4/../../../../arm-none-eabi/lib/armv7-m\libcr_c.a(fpprintf.o)
                0x00002748                vsnprintf
 .text.printf   0x000027a4       0x54 c:/nxp/lpcxpresso_7.4.0_229/lpcxpresso/tools/bin/../lib/gcc/arm-none-eabi/4.8.4/../../../../arm-none-eabi/lib/armv7-m\libcr_c.a(fpprintf.o)
                0x000027a4                printf
 .text._initio  0x000027f8       0xa4 c:/nxp/lpcxpresso_7.4.0_229/lpcxpresso/tools/bin/../lib/gcc/arm-none-eabi/4.8.4/../../../../arm-none-eabi/lib/armv7-m\libcr_c.a(initio.o)
                0x000027f8                _initio
 .text.memcmp   0x0000289c       0x44 c:/nxp/lpcxpresso_7.4.0_229/lpcxpresso/tools/bin/../lib/gcc/arm-none-eabi/4.8.4/../../../../arm-none-eabi/lib/armv7-m\libcr_c.a(memcmp.o)
                0x0000289c                memcmp
 .text.__vfprintf
                0x000028e0      0xca0 c:/nxp/lpcxpresso_7.4.0_229/lpcxpresso/tools/bin/../lib/gcc/arm-none-eabi/4.8.4/../../../../arm-none-eabi/lib/armv7-m\libcr_c.a(printf.o)
                0x000028e0                __vfprintf
 .text.setvbuf  0x00003580       0x40 c:/nxp/lpcxpresso_7.4.0_229/lpcxpresso/tools/bin/../lib/gcc/arm-none-eabi/4.8.4/../../../../arm-none-eabi/lib/armv7-m\libcr_c.a(setvbuf.o)
                0x00003580                setvbuf
 .text.strlen   0x000035c0       0x4a c:/nxp/lpcxpresso_7.4.0_229/lpcxpresso/tools/bin/../lib/gcc/arm-none-eabi/4.8.4/../../../../arm-none-eabi/lib/armv7-m\libcr_c.a(strlen.o)
                0x000035c0                strlen
 .text._deferredlazyseek
                0x0000360a       0x44 c:/nxp/lpcxpresso_7.4.0_229/lpcxpresso/tools/bin/../lib/gcc/arm-none-eabi/4.8.4/../../../../arm-none-eabi/lib/armv7-m\libcr_c.a(_deferredlazyseek.o)
                0x0000360a                _deferredlazyseek
 .text.__flsbuf
                0x0000364e      0x142 c:/nxp/lpcxpresso_7.4.0_229/lpcxpresso/tools/bin/../lib/gcc/arm-none-eabi/4.8.4/../../../../arm-none-eabi/lib/armv7-m\libcr_c.a(_deferredlazyseek.o)
                0x0000364e                __flsbuf
 .text._fdopen  0x00003790       0x6a c:/nxp/lpcxpresso_7.4.0_229/lpcxpresso/tools/bin/../lib/gcc/arm-none-eabi/4.8.4/../../../../arm-none-eabi/lib/armv7-m\libcr_c.a(_fdopen.o)
                0x00003790                _fdopen
 .text._fflush  0x000037fa       0x58 c:/nxp/lpcxpresso_7.4.0_229/lpcxpresso/tools/bin/../lib/gcc/arm-none-eabi/4.8.4/../../../../arm-none-eabi/lib/armv7-m\libcr_c.a(_fflush.o)
                0x000037fa                _fflush
 .text._frexpl  0x00003852       0x5c c:/nxp/lpcxpresso_7.4.0_229/lpcxpresso/tools/bin/../lib/gcc/arm-none-eabi/4.8.4/../../../../arm-none-eabi/lib/armv7-m\libcr_c.a(_frexpl.o)
                0x00003852                _frexpl
 *fill*         0x000038ae        0x2 
 .text._ldexpl  0x000038b0       0x4c c:/nxp/lpcxpresso_7.4.0_229/lpcxpresso/tools/bin/../lib/gcc/arm-none-eabi/4.8.4/../../../../arm-none-eabi/lib/armv7-m\libcr_c.a(_ldexpl.o)
                0x000038b0                _ldexpl
 .text._Cwritebuf
                0x000038fc       0x70 c:/nxp/lpcxpresso_7.4.0_229/lpcxpresso/tools/bin/../lib/gcc/arm-none-eabi/4.8.4/../../../../arm-none-eabi/lib/armv7-m\libcr_c.a(_writebuf.o)
                0x000038fc                _Cwritebuf
 .text.malloc   0x0000396c       0xc4 c:/nxp/lpcxpresso_7.4.0_229/lpcxpresso/tools/bin/../lib/gcc/arm-none-eabi/4.8.4/../../../../arm-none-eabi/lib/armv7-m\libcr_c.a(alloc.o)
                0x0000396c                malloc
 .text.free     0x00003a30        0xc c:/nxp/lpcxpresso_7.4.0_229/lpcxpresso/tools/bin/../lib/gcc/arm-none-eabi/4.8.4/../../../../arm-none-eabi/lib/armv7-m\libcr_c.a(alloc.o)
                0x00003a30                free
 .text._Csys_alloc
                0x00003a3c       0x20 c:/nxp/lpcxpresso_7.4.0_229/lpcxpresso/tools/bin/../lib/gcc/arm-none-eabi/4.8.4/../../../../arm-none-eabi/lib/armv7-m\libcr_c.a(alloc.o)
                0x00003a3c                _Csys_alloc
 .text.fclose   0x00003a5c       0x6c c:/nxp/lpcxpresso_7.4.0_229/lpcxpresso/tools/bin/../lib/gcc/arm-none-eabi/4.8.4/../../../../arm-none-eabi/lib/armv7-m\libcr_c.a(fclose.o)
                0x00003a5c                fclose
 .text.fflush   0x00003ac8       0x30 c:/nxp/lpcxpresso_7.4.0_229/lpcxpresso/tools/bin/../lib/gcc/arm-none-eabi/4.8.4/../../../../arm-none-eabi/lib/armv7-m\libcr_c.a(fflush.o)
                0x00003ac8                fflush
 .text.fseek    0x00003af8      0x10c c:/nxp/lpcxpresso_7.4.0_229/lpcxpresso/tools/bin/../lib/gcc/arm-none-eabi/4.8.4/../../../../arm-none-eabi/lib/armv7-m\libcr_c.a(fseek.o)
                0x00003af8                fseek
 .text.ftell    0x00003c04       0x4c c:/nxp/lpcxpresso_7.4.0_229/lpcxpresso/tools/bin/../lib/gcc/arm-none-eabi/4.8.4/../../../../arm-none-eabi/lib/armv7-m\libcr_c.a(ftell.o)
                0x00003c04                ftell
 .text.remove   0x00003c50       0x14 c:/nxp/lpcxpresso_7.4.0_229/lpcxpresso/tools/bin/../lib/gcc/arm-none-eabi/4.8.4/../../../../arm-none-eabi/lib/armv7-m\libcr_c.a(remove.o)
                0x00003c50                remove
 .text._sbrk    0x00003c64       0x40 c:/nxp/lpcxpresso_7.4.0_229/lpcxpresso/tools/bin/../lib/gcc/arm-none-eabi/4.8.4/../../../../arm-none-eabi/lib/armv7-m\libcr_c.a(_cr_sbrk.o)
                0x00003c64                _sbrk
 .text._do_fflush
                0x00003ca4       0x44 c:/nxp/lpcxpresso_7.4.0_229/lpcxpresso/tools/bin/../lib/gcc/arm-none-eabi/4.8.4/../../../../arm-none-eabi/lib/armv7-m\libcr_c.a(_do_fflush.o)
                0x00003ca4                _do_fflush
 .text.__check_heap_overflow
                0x00003ce8       0x18 c:/nxp/lpcxpresso_7.4.0_229/lpcxpresso/tools/bin/../lib/gcc/arm-none-eabi/4.8.4/../../../../arm-none-eabi/lib/armv7-m\libcr_c.a(_cr_check_heap.o)
                0x00003ce8                __check_heap_overflow
 .text.__aeabi_dmul
                0x00003d00      0x12c c:/nxp/lpcxpresso_7.4.0_229/lpcxpresso/tools/bin/../lib/gcc/arm-none-eabi/4.8.4/armv7-m\libcr_eabihelpers.a(double.o)
                0x00003d00                __aeabi_dmul
 .text.__aeabi_ddiv
                0x00003e2c      0x16c c:/nxp/lpcxpresso_7.4.0_229/lpcxpresso/tools/bin/../lib/gcc/arm-none-eabi/4.8.4/armv7-m\libcr_eabihelpers.a(double.o)
                0x00003e2c                __aeabi_ddiv
 .text.__aeabi_dsub
                0x00003f98      0x228 c:/nxp/lpcxpresso_7.4.0_229/lpcxpresso/tools/bin/../lib/gcc/arm-none-eabi/4.8.4/armv7-m\libcr_eabihelpers.a(double.o)
                0x00003f98                __aeabi_dsub
 .text.__aeabi_dadd
                0x000041c0      0x178 c:/nxp/lpcxpresso_7.4.0_229/lpcxpresso/tools/bin/../lib/gcc/arm-none-eabi/4.8.4/armv7-m\libcr_eabihelpers.a(double.o)
                0x000041c0                __aeabi_dadd
 .text.__aeabi_d2iz
                0x00004338       0x4c c:/nxp/lpcxpresso_7.4.0_229/lpcxpresso/tools/bin/../lib/gcc/arm-none-eabi/4.8.4/armv7-m\libcr_eabihelpers.a(double.o)
                0x00004338                __aeabi_d2iz
 .text.__bhs_ui2d
                0x00004384       0x48 c:/nxp/lpcxpresso_7.4.0_229/lpcxpresso/tools/bin/../lib/gcc/arm-none-eabi/4.8.4/armv7-m\libcr_eabihelpers.a(double.o)
                0x00004384                __bhs_ui2d
 .text.__aeabi_i2d
                0x000043cc       0x10 c:/nxp/lpcxpresso_7.4.0_229/lpcxpresso/tools/bin/../lib/gcc/arm-none-eabi/4.8.4/armv7-m\libcr_eabihelpers.a(double.o)
                0x000043cc                __aeabi_i2d
 .text.__aeabi_dcmpeq
                0x000043dc       0x40 c:/nxp/lpcxpresso_7.4.0_229/lpcxpresso/tools/bin/../lib/gcc/arm-none-eabi/4.8.4/armv7-m\libcr_eabihelpers.a(double.o)
                0x000043dc                __aeabi_dcmpeq
 .text.__aeabi_dcmplt
                0x0000441c       0x70 c:/nxp/lpcxpresso_7.4.0_229/lpcxpresso/tools/bin/../lib/gcc/arm-none-eabi/4.8.4/armv7-m\libcr_eabihelpers.a(double.o)
                0x0000441c                __aeabi_dcmplt
 .text.__aeabi_dcmple
                0x0000448c       0x68 c:/nxp/lpcxpresso_7.4.0_229/lpcxpresso/tools/bin/../lib/gcc/arm-none-eabi/4.8.4/armv7-m\libcr_eabihelpers.a(double.o)
                0x0000448c                __aeabi_dcmple
 .text.__aeabi_dcmpge
                0x000044f4       0x64 c:/nxp/lpcxpresso_7.4.0_229/lpcxpresso/tools/bin/../lib/gcc/arm-none-eabi/4.8.4/armv7-m\libcr_eabihelpers.a(double.o)
                0x000044f4                __aeabi_dcmpge
 .text.__aeabi_memcpy
                0x00004558       0x3a c:/nxp/lpcxpresso_7.4.0_229/lpcxpresso/tools/bin/../lib/gcc/arm-none-eabi/4.8.4/armv7-m\libcr_eabihelpers.a(memcpy.o)
                0x00004558                __aeabi_memcpy
                0x00004564                __aeabi_memcpy8
                0x00004564                __aeabi_memcpy4
 .text.__aeabi_memset_lowlevel
                0x00004592       0x38 c:/nxp/lpcxpresso_7.4.0_229/lpcxpresso/tools/bin/../lib/gcc/arm-none-eabi/4.8.4/armv7-m\libcr_eabihelpers.a(memcpy.o)
                0x00004592                __aeabi_lowlevel_memset
 *fill*         0x000045ca        0x2 
 .text.__sys_appexit
                0x000045cc        0xc c:/nxp/lpcxpresso_7.4.0_229/lpcxpresso/tools/bin/../lib/gcc/arm-none-eabi/4.8.4/../../../../arm-none-eabi/lib/armv7-m\libcr_semihost.a(__sys_appexit.o)
                0x000045cc                __sys_appexit
                0x000045cc                __exit
 .text.__sys_close
                0x000045d8        0xc c:/nxp/lpcxpresso_7.4.0_229/lpcxpresso/tools/bin/../lib/gcc/arm-none-eabi/4.8.4/../../../../arm-none-eabi/lib/armv7-m\libcr_semihost.a(__sys_close.o)
                0x000045d8                __sys_close
 .text.__sys_flen
                0x000045e4        0xc c:/nxp/lpcxpresso_7.4.0_229/lpcxpresso/tools/bin/../lib/gcc/arm-none-eabi/4.8.4/../../../../arm-none-eabi/lib/armv7-m\libcr_semihost.a(__sys_flen.o)
                0x000045e4                __sys_flen
 .text.__sys_istty
                0x000045f0        0xc c:/nxp/lpcxpresso_7.4.0_229/lpcxpresso/tools/bin/../lib/gcc/arm-none-eabi/4.8.4/../../../../arm-none-eabi/lib/armv7-m\libcr_semihost.a(__sys_istty.o)
                0x000045f0                __sys_istty
 .text.__sys_remove
                0x000045fc        0xc c:/nxp/lpcxpresso_7.4.0_229/lpcxpresso/tools/bin/../lib/gcc/arm-none-eabi/4.8.4/../../../../arm-none-eabi/lib/armv7-m\libcr_semihost.a(__sys_remove.o)
                0x000045fc                __sys_remove
 .text.__sys_seek
                0x00004608        0xc c:/nxp/lpcxpresso_7.4.0_229/lpcxpresso/tools/bin/../lib/gcc/arm-none-eabi/4.8.4/../../../../arm-none-eabi/lib/armv7-m\libcr_semihost.a(__sys_seek.o)
                0x00004608                __sys_seek
 .text.__sys_tmpnam
                0x00004614        0xc c:/nxp/lpcxpresso_7.4.0_229/lpcxpresso/tools/bin/../lib/gcc/arm-none-eabi/4.8.4/../../../../arm-none-eabi/lib/armv7-m\libcr_semihost.a(__sys_tmpnam.o)
                0x00004614                __sys_tmpnam
 .text.__sys_write
                0x00004620        0xc c:/nxp/lpcxpresso_7.4.0_229/lpcxpresso/tools/bin/../lib/gcc/arm-none-eabi/4.8.4/../../../../arm-none-eabi/lib/armv7-m\libcr_semihost.a(__sys_write.o)
                0x00004620                __sys_write
                0x00004620                __write
 *(.rodata .rodata.* .constdata .constdata.*)
 .rodata.str1.4
                0x0000462c       0x40 ./main.o
 .rodata        0x0000466c       0x14 C:\Users\Drew\Dropbox\School\UNIVERSITY OF WASHINGTON\Homework\Year 3\Fall 2014\Operating Systems\LPC Workspace\FreeRTOS_Library\Debug\libFreeRTOS_Library.a(tasks.o)
 .rodata.str1.4
                0x00004680        0x8 C:\Users\Drew\Dropbox\School\UNIVERSITY OF WASHINGTON\Homework\Year 3\Fall 2014\Operating Systems\LPC Workspace\FreeRTOS_Library\Debug\libFreeRTOS_Library.a(tasks.o)
 .rodata.str1.1
                0x00004688       0x34 c:/nxp/lpcxpresso_7.4.0_229/lpcxpresso/tools/bin/../lib/gcc/arm-none-eabi/4.8.4/../../../../arm-none-eabi/lib/armv7-m\libcr_c.a(fpprintf.o)
                                 0x35 (size before relaxing)
 .rodata.str1.1
                0x000046bc        0x4 c:/nxp/lpcxpresso_7.4.0_229/lpcxpresso/tools/bin/../lib/gcc/arm-none-eabi/4.8.4/../../../../arm-none-eabi/lib/armv7-m\libcr_c.a(initio.o)
 .rodata.str1.1
                0x000046c0       0x31 c:/nxp/lpcxpresso_7.4.0_229/lpcxpresso/tools/bin/../lib/gcc/arm-none-eabi/4.8.4/../../../../arm-none-eabi/lib/armv7-m\libcr_c.a(printf.o)
                                 0x38 (size before relaxing)
 .rodata.str1.1
                0x000046f1       0x18 c:/nxp/lpcxpresso_7.4.0_229/lpcxpresso/tools/bin/../lib/gcc/arm-none-eabi/4.8.4/../../../../arm-none-eabi/lib/armv7-m\libcr_c.a(alloc.o)
 *fill*         0x00004709        0x7 
 .rodata.__huge_vall
                0x00004710        0x8 c:/nxp/lpcxpresso_7.4.0_229/lpcxpresso/tools/bin/../lib/gcc/arm-none-eabi/4.8.4/../../../../arm-none-eabi/lib/armv7-m\libcr_c.a(_hugeval.o)
                0x00004710                __huge_vall
                0x00004718                . = ALIGN (0x4)

.glue_7         0x00004718        0x0
 .glue_7        0x00000000        0x0 linker stubs

.glue_7t        0x00004718        0x0
 .glue_7t       0x00000000        0x0 linker stubs

.vfp11_veneer   0x00004718        0x0
 .vfp11_veneer  0x00000000        0x0 linker stubs

.v4_bx          0x00004718        0x0
 .v4_bx         0x00000000        0x0 linker stubs

.iplt           0x00004718        0x0
 .iplt          0x00000000        0x0 ./cr_startup_lpc17.o

.rel.dyn        0x00004718        0x0
 .rel.iplt      0x00000000        0x0 ./cr_startup_lpc17.o

.ARM.extab
 *(.ARM.extab* .gnu.linkonce.armextab.*)
                0x00004718                __exidx_start = .

.ARM.exidx
 *(.ARM.exidx* .gnu.linkonce.armexidx.*)
                0x00004718                __exidx_end = .
                0x00004718                _etext = .

.data_RAM2      0x2007c000        0x0 load address 0x00004718
 FILL mask 0xff
 *(.ramfunc.$RAM2)
 *(.ramfunc.$RamAHB32)
 *(.data.$RAM2*)
 *(.data.$RamAHB32*)
                0x2007c000                . = ALIGN (0x4)

.uninit_RESERVED
                0x10000000        0x0
 *(.bss.$RESERVED*)
                0x10000000                . = ALIGN (0x4)
                0x10000000                _end_uninit_RESERVED = .

.data           0x10000000        0xc load address 0x00004718
 FILL mask 0xff
                0x10000000                _data = .
 *(vtable)
 *(.ramfunc*)
 *(.data*)
 .data          0x10000000        0x4 C:\Users\Drew\Dropbox\School\UNIVERSITY OF WASHINGTON\Homework\Year 3\Fall 2014\Operating Systems\LPC Workspace\FreeRTOS_Library\Debug\libFreeRTOS_Library.a(port.o)
 .data          0x10000004        0x4 C:\Users\Drew\Dropbox\School\UNIVERSITY OF WASHINGTON\Homework\Year 3\Fall 2014\Operating Systems\LPC Workspace\FreeRTOS_Library\Debug\libFreeRTOS_Library.a(tasks.o)
 .data          0x10000008        0x4 C:\Users\Drew\Dropbox\School\UNIVERSITY OF WASHINGTON\Homework\Year 3\Fall 2014\Operating Systems\LPC Workspace\FreeRTOS_Library\Debug\libFreeRTOS_Library.a(heap_2.o)
                0x1000000c                . = ALIGN (0x4)
                0x1000000c                _edata = .

.igot.plt       0x1000000c        0x0 load address 0x00004724
 .igot.plt      0x00000000        0x0 ./cr_startup_lpc17.o

.bss_RAM2       0x2007c000        0x0
 *(.bss.$RAM2*)
 *(.bss.$RamAHB32*)
                0x2007c000                . = ALIGN (0x4)

.bss            0x10000010     0x2a88
                0x10000010                _bss = .
 *(.bss*)
 .bss           0x10000010        0x8 C:\Users\Drew\Dropbox\School\UNIVERSITY OF WASHINGTON\Homework\Year 3\Fall 2014\Operating Systems\LPC Workspace\FreeRTOS_Library\Debug\libFreeRTOS_Library.a(port.o)
 .bss           0x10000018       0xfc C:\Users\Drew\Dropbox\School\UNIVERSITY OF WASHINGTON\Homework\Year 3\Fall 2014\Operating Systems\LPC Workspace\FreeRTOS_Library\Debug\libFreeRTOS_Library.a(tasks.o)
                0x10000044                pxCurrentTCB
 .bss           0x10000114     0x2814 C:\Users\Drew\Dropbox\School\UNIVERSITY OF WASHINGTON\Homework\Year 3\Fall 2014\Operating Systems\LPC Workspace\FreeRTOS_Library\Debug\libFreeRTOS_Library.a(heap_2.o)
 .bss.errno     0x10002928        0x4 c:/nxp/lpcxpresso_7.4.0_229/lpcxpresso/tools/bin/../lib/gcc/arm-none-eabi/4.8.4/../../../../arm-none-eabi/lib/armv7-m\libcr_c.a(errno.o)
                0x10002928                errno
 *(COMMON)
 *fill*         0x1000292c        0x4 
 COMMON         0x10002930       0x1c ./main.o
                0x10002930                xBinaryButtonSemaphore
                0x10002934                xBinarySemaphore
                0x10002938                xQueue
                0x10002940                avg_frequency
                0x10002948                real_time_clock_ms
 COMMON         0x1000294c        0x4 c:/nxp/lpcxpresso_7.4.0_229/lpcxpresso/tools/bin/../lib/gcc/arm-none-eabi/4.8.4/../../../../arm-none-eabi/lib/armv7-m\libcr_c.a(initio.o)
                0x1000294c                _extra
 COMMON         0x10002950      0x140 c:/nxp/lpcxpresso_7.4.0_229/lpcxpresso/tools/bin/../lib/gcc/arm-none-eabi/4.8.4/../../../../arm-none-eabi/lib/armv7-m\libcr_c.a(stdio.o)
                0x10002950                __Ciob
 COMMON         0x10002a90        0x8 c:/nxp/lpcxpresso_7.4.0_229/lpcxpresso/tools/bin/../lib/gcc/arm-none-eabi/4.8.4/../../../../arm-none-eabi/lib/armv7-m\libcr_c.a(__init_alloc.o)
                0x10002a90                __heaps
                0x10002a94                __end_of_heap
                0x10002a98                . = ALIGN (0x4)
                0x10002a98                _ebss = .
                0x10002a98                PROVIDE (end, .)

.noinit_RAM2    0x2007c000        0x0
 *(.noinit.$RAM2*)
 *(.noinit.$RamAHB32*)
                0x2007c000                . = ALIGN (0x4)

.noinit         0x10002a98        0x0
                0x10002a98                _noinit = .
 *(.noinit*)
                0x10002a98                . = ALIGN (0x4)
                0x10002a98                _end_noinit = .
                0x10002a98                PROVIDE (_pvHeapStart, DEFINED (__user_heap_base)?__user_heap_base:.)
                0x10008000                PROVIDE (_vStackTop, DEFINED (__user_stack_top)?__user_stack_top:(__top_RamLoc32 - 0x0))
OUTPUT(Example12.axf elf32-littlearm)

.debug_info     0x00000000     0x4b62
 .debug_info    0x00000000      0x1da ./cr_startup_lpc17.o
 .debug_info    0x000001da     0x1202 ./main.o
 .debug_info    0x000013dc      0x30d C:\Users\Drew\Dropbox\School\UNIVERSITY OF WASHINGTON\Homework\Year 3\Fall 2014\Operating Systems\LPC Workspace\CMSISv1p30_LPC17xx\Debug\libCMSISv1p30_LPC17xx.a(system_LPC17xx.o)
 .debug_info    0x000016e9      0x3d4 C:\Users\Drew\Dropbox\School\UNIVERSITY OF WASHINGTON\Homework\Year 3\Fall 2014\Operating Systems\LPC Workspace\FreeRTOS_Library\Debug\libFreeRTOS_Library.a(port.o)
 .debug_info    0x00001abd     0x1187 C:\Users\Drew\Dropbox\School\UNIVERSITY OF WASHINGTON\Homework\Year 3\Fall 2014\Operating Systems\LPC Workspace\FreeRTOS_Library\Debug\libFreeRTOS_Library.a(queue.o)
 .debug_info    0x00002c44     0x190b C:\Users\Drew\Dropbox\School\UNIVERSITY OF WASHINGTON\Homework\Year 3\Fall 2014\Operating Systems\LPC Workspace\FreeRTOS_Library\Debug\libFreeRTOS_Library.a(tasks.o)
 .debug_info    0x0000454f      0x36b C:\Users\Drew\Dropbox\School\UNIVERSITY OF WASHINGTON\Homework\Year 3\Fall 2014\Operating Systems\LPC Workspace\FreeRTOS_Library\Debug\libFreeRTOS_Library.a(heap_2.o)
 .debug_info    0x000048ba      0x2a8 C:\Users\Drew\Dropbox\School\UNIVERSITY OF WASHINGTON\Homework\Year 3\Fall 2014\Operating Systems\LPC Workspace\FreeRTOS_Library\Debug\libFreeRTOS_Library.a(list.o)

.debug_abbrev   0x00000000      0xfca
 .debug_abbrev  0x00000000       0xd5 ./cr_startup_lpc17.o
 .debug_abbrev  0x000000d5      0x398 ./main.o
 .debug_abbrev  0x0000046d       0xe6 C:\Users\Drew\Dropbox\School\UNIVERSITY OF WASHINGTON\Homework\Year 3\Fall 2014\Operating Systems\LPC Workspace\CMSISv1p30_LPC17xx\Debug\libCMSISv1p30_LPC17xx.a(system_LPC17xx.o)
 .debug_abbrev  0x00000553      0x1fb C:\Users\Drew\Dropbox\School\UNIVERSITY OF WASHINGTON\Homework\Year 3\Fall 2014\Operating Systems\LPC Workspace\FreeRTOS_Library\Debug\libFreeRTOS_Library.a(port.o)
 .debug_abbrev  0x0000074e      0x291 C:\Users\Drew\Dropbox\School\UNIVERSITY OF WASHINGTON\Homework\Year 3\Fall 2014\Operating Systems\LPC Workspace\FreeRTOS_Library\Debug\libFreeRTOS_Library.a(queue.o)
 .debug_abbrev  0x000009df      0x30b C:\Users\Drew\Dropbox\School\UNIVERSITY OF WASHINGTON\Homework\Year 3\Fall 2014\Operating Systems\LPC Workspace\FreeRTOS_Library\Debug\libFreeRTOS_Library.a(tasks.o)
 .debug_abbrev  0x00000cea      0x1e7 C:\Users\Drew\Dropbox\School\UNIVERSITY OF WASHINGTON\Homework\Year 3\Fall 2014\Operating Systems\LPC Workspace\FreeRTOS_Library\Debug\libFreeRTOS_Library.a(heap_2.o)
 .debug_abbrev  0x00000ed1       0xf9 C:\Users\Drew\Dropbox\School\UNIVERSITY OF WASHINGTON\Homework\Year 3\Fall 2014\Operating Systems\LPC Workspace\FreeRTOS_Library\Debug\libFreeRTOS_Library.a(list.o)

.debug_loc      0x00000000     0x2762
 .debug_loc     0x00000000       0x40 ./cr_startup_lpc17.o
 .debug_loc     0x00000040      0x10a ./main.o
 .debug_loc     0x0000014a       0xa6 C:\Users\Drew\Dropbox\School\UNIVERSITY OF WASHINGTON\Homework\Year 3\Fall 2014\Operating Systems\LPC Workspace\FreeRTOS_Library\Debug\libFreeRTOS_Library.a(port.o)
 .debug_loc     0x000001f0     0x1101 C:\Users\Drew\Dropbox\School\UNIVERSITY OF WASHINGTON\Homework\Year 3\Fall 2014\Operating Systems\LPC Workspace\FreeRTOS_Library\Debug\libFreeRTOS_Library.a(queue.o)
 .debug_loc     0x000012f1     0x11ae C:\Users\Drew\Dropbox\School\UNIVERSITY OF WASHINGTON\Homework\Year 3\Fall 2014\Operating Systems\LPC Workspace\FreeRTOS_Library\Debug\libFreeRTOS_Library.a(tasks.o)
 .debug_loc     0x0000249f      0x253 C:\Users\Drew\Dropbox\School\UNIVERSITY OF WASHINGTON\Homework\Year 3\Fall 2014\Operating Systems\LPC Workspace\FreeRTOS_Library\Debug\libFreeRTOS_Library.a(heap_2.o)
 .debug_loc     0x000026f2       0x70 C:\Users\Drew\Dropbox\School\UNIVERSITY OF WASHINGTON\Homework\Year 3\Fall 2014\Operating Systems\LPC Workspace\FreeRTOS_Library\Debug\libFreeRTOS_Library.a(list.o)

.debug_aranges  0x00000000      0x1b0
 .debug_aranges
                0x00000000       0x70 ./cr_startup_lpc17.o
 .debug_aranges
                0x00000070       0x78 ./main.o
 .debug_aranges
                0x000000e8       0x28 C:\Users\Drew\Dropbox\School\UNIVERSITY OF WASHINGTON\Homework\Year 3\Fall 2014\Operating Systems\LPC Workspace\CMSISv1p30_LPC17xx\Debug\libCMSISv1p30_LPC17xx.a(system_LPC17xx.o)
 .debug_aranges
                0x00000110       0x20 C:\Users\Drew\Dropbox\School\UNIVERSITY OF WASHINGTON\Homework\Year 3\Fall 2014\Operating Systems\LPC Workspace\FreeRTOS_Library\Debug\libFreeRTOS_Library.a(port.o)
 .debug_aranges
                0x00000130       0x20 C:\Users\Drew\Dropbox\School\UNIVERSITY OF WASHINGTON\Homework\Year 3\Fall 2014\Operating Systems\LPC Workspace\FreeRTOS_Library\Debug\libFreeRTOS_Library.a(queue.o)
 .debug_aranges
                0x00000150       0x20 C:\Users\Drew\Dropbox\School\UNIVERSITY OF WASHINGTON\Homework\Year 3\Fall 2014\Operating Systems\LPC Workspace\FreeRTOS_Library\Debug\libFreeRTOS_Library.a(tasks.o)
 .debug_aranges
                0x00000170       0x20 C:\Users\Drew\Dropbox\School\UNIVERSITY OF WASHINGTON\Homework\Year 3\Fall 2014\Operating Systems\LPC Workspace\FreeRTOS_Library\Debug\libFreeRTOS_Library.a(heap_2.o)
 .debug_aranges
                0x00000190       0x20 C:\Users\Drew\Dropbox\School\UNIVERSITY OF WASHINGTON\Homework\Year 3\Fall 2014\Operating Systems\LPC Workspace\FreeRTOS_Library\Debug\libFreeRTOS_Library.a(list.o)

.debug_ranges   0x00000000      0x160
 .debug_ranges  0x00000000       0x60 ./cr_startup_lpc17.o
 .debug_ranges  0x00000060       0x98 ./main.o
 .debug_ranges  0x000000f8       0x18 C:\Users\Drew\Dropbox\School\UNIVERSITY OF WASHINGTON\Homework\Year 3\Fall 2014\Operating Systems\LPC Workspace\CMSISv1p30_LPC17xx\Debug\libCMSISv1p30_LPC17xx.a(system_LPC17xx.o)
 .debug_ranges  0x00000110       0x50 C:\Users\Drew\Dropbox\School\UNIVERSITY OF WASHINGTON\Homework\Year 3\Fall 2014\Operating Systems\LPC Workspace\FreeRTOS_Library\Debug\libFreeRTOS_Library.a(tasks.o)

.debug_macro    0x00000000     0x3b84
 .debug_macro   0x00000000       0x52 ./cr_startup_lpc17.o
 .debug_macro   0x00000052      0x850 ./cr_startup_lpc17.o
 .debug_macro   0x000008a2       0x10 ./cr_startup_lpc17.o
 .debug_macro   0x000008b2      0x12d ./cr_startup_lpc17.o
 .debug_macro   0x000009df      0x5b2 ./cr_startup_lpc17.o
 .debug_macro   0x00000f91      0x128 ./main.o
 .debug_macro   0x000010b9       0x16 ./main.o
 .debug_macro   0x000010cf       0x40 ./main.o
 .debug_macro   0x0000110f       0x1c ./main.o
 .debug_macro   0x0000112b      0x7d5 ./main.o
 .debug_macro   0x00001900      0x2c7 ./main.o
 .debug_macro   0x00001bc7       0xd0 ./main.o
 .debug_macro   0x00001c97       0xb6 ./main.o
 .debug_macro   0x00001d4d       0x12 ./main.o
 .debug_macro   0x00001d5f       0x1f ./main.o
 .debug_macro   0x00001d7e      0x35a ./main.o
 .debug_macro   0x000020d8       0x79 ./main.o
 .debug_macro   0x00002151       0x69 ./main.o
 .debug_macro   0x000021ba       0xb0 ./main.o
 .debug_macro   0x0000226a       0x7e ./main.o
 .debug_macro   0x000022e8      0x113 C:\Users\Drew\Dropbox\School\UNIVERSITY OF WASHINGTON\Homework\Year 3\Fall 2014\Operating Systems\LPC Workspace\CMSISv1p30_LPC17xx\Debug\libCMSISv1p30_LPC17xx.a(system_LPC17xx.o)
 .debug_macro   0x000023fb      0x850 C:\Users\Drew\Dropbox\School\UNIVERSITY OF WASHINGTON\Homework\Year 3\Fall 2014\Operating Systems\LPC Workspace\CMSISv1p30_LPC17xx\Debug\libCMSISv1p30_LPC17xx.a(system_LPC17xx.o)
 .debug_macro   0x00002c4b      0x16f C:\Users\Drew\Dropbox\School\UNIVERSITY OF WASHINGTON\Homework\Year 3\Fall 2014\Operating Systems\LPC Workspace\FreeRTOS_Library\Debug\libFreeRTOS_Library.a(port.o)
 .debug_macro   0x00002dba      0x844 C:\Users\Drew\Dropbox\School\UNIVERSITY OF WASHINGTON\Homework\Year 3\Fall 2014\Operating Systems\LPC Workspace\FreeRTOS_Library\Debug\libFreeRTOS_Library.a(port.o)
 .debug_macro   0x000035fe      0x146 C:\Users\Drew\Dropbox\School\UNIVERSITY OF WASHINGTON\Homework\Year 3\Fall 2014\Operating Systems\LPC Workspace\FreeRTOS_Library\Debug\libFreeRTOS_Library.a(queue.o)
 .debug_macro   0x00003744       0x28 C:\Users\Drew\Dropbox\School\UNIVERSITY OF WASHINGTON\Homework\Year 3\Fall 2014\Operating Systems\LPC Workspace\FreeRTOS_Library\Debug\libFreeRTOS_Library.a(queue.o)
 .debug_macro   0x0000376c      0x189 C:\Users\Drew\Dropbox\School\UNIVERSITY OF WASHINGTON\Homework\Year 3\Fall 2014\Operating Systems\LPC Workspace\FreeRTOS_Library\Debug\libFreeRTOS_Library.a(tasks.o)
 .debug_macro   0x000038f5       0x91 C:\Users\Drew\Dropbox\School\UNIVERSITY OF WASHINGTON\Homework\Year 3\Fall 2014\Operating Systems\LPC Workspace\FreeRTOS_Library\Debug\libFreeRTOS_Library.a(tasks.o)
 .debug_macro   0x00003986       0x17 C:\Users\Drew\Dropbox\School\UNIVERSITY OF WASHINGTON\Homework\Year 3\Fall 2014\Operating Systems\LPC Workspace\FreeRTOS_Library\Debug\libFreeRTOS_Library.a(tasks.o)
 .debug_macro   0x0000399d      0x10a C:\Users\Drew\Dropbox\School\UNIVERSITY OF WASHINGTON\Homework\Year 3\Fall 2014\Operating Systems\LPC Workspace\FreeRTOS_Library\Debug\libFreeRTOS_Library.a(heap_2.o)
 .debug_macro   0x00003aa7       0xdd C:\Users\Drew\Dropbox\School\UNIVERSITY OF WASHINGTON\Homework\Year 3\Fall 2014\Operating Systems\LPC Workspace\FreeRTOS_Library\Debug\libFreeRTOS_Library.a(list.o)

.debug_line     0x00000000     0x2204
 .debug_line    0x00000000      0x252 ./cr_startup_lpc17.o
 .debug_line    0x00000252      0x55f ./main.o
 .debug_line    0x000007b1      0x22f C:\Users\Drew\Dropbox\School\UNIVERSITY OF WASHINGTON\Homework\Year 3\Fall 2014\Operating Systems\LPC Workspace\CMSISv1p30_LPC17xx\Debug\libCMSISv1p30_LPC17xx.a(system_LPC17xx.o)
 .debug_line    0x000009e0      0x3ea C:\Users\Drew\Dropbox\School\UNIVERSITY OF WASHINGTON\Homework\Year 3\Fall 2014\Operating Systems\LPC Workspace\FreeRTOS_Library\Debug\libFreeRTOS_Library.a(port.o)
 .debug_line    0x00000dca      0x5c9 C:\Users\Drew\Dropbox\School\UNIVERSITY OF WASHINGTON\Homework\Year 3\Fall 2014\Operating Systems\LPC Workspace\FreeRTOS_Library\Debug\libFreeRTOS_Library.a(queue.o)
 .debug_line    0x00001393      0x746 C:\Users\Drew\Dropbox\School\UNIVERSITY OF WASHINGTON\Homework\Year 3\Fall 2014\Operating Systems\LPC Workspace\FreeRTOS_Library\Debug\libFreeRTOS_Library.a(tasks.o)
 .debug_line    0x00001ad9      0x3b9 C:\Users\Drew\Dropbox\School\UNIVERSITY OF WASHINGTON\Homework\Year 3\Fall 2014\Operating Systems\LPC Workspace\FreeRTOS_Library\Debug\libFreeRTOS_Library.a(heap_2.o)
 .debug_line    0x00001e92      0x372 C:\Users\Drew\Dropbox\School\UNIVERSITY OF WASHINGTON\Homework\Year 3\Fall 2014\Operating Systems\LPC Workspace\FreeRTOS_Library\Debug\libFreeRTOS_Library.a(list.o)

.debug_str      0x00000000     0xecf6
 .debug_str     0x00000000     0x3c52 ./cr_startup_lpc17.o
                               0x3cdd (size before relaxing)
 .debug_str     0x00003c52     0x82f7 ./main.o
                               0xbf1f (size before relaxing)
 .debug_str     0x0000bf49      0x41f C:\Users\Drew\Dropbox\School\UNIVERSITY OF WASHINGTON\Homework\Year 3\Fall 2014\Operating Systems\LPC Workspace\CMSISv1p30_LPC17xx\Debug\libCMSISv1p30_LPC17xx.a(system_LPC17xx.o)
                               0x7f69 (size before relaxing)
 .debug_str     0x0000c368      0x7fe C:\Users\Drew\Dropbox\School\UNIVERSITY OF WASHINGTON\Homework\Year 3\Fall 2014\Operating Systems\LPC Workspace\FreeRTOS_Library\Debug\libFreeRTOS_Library.a(port.o)
                               0xaa14 (size before relaxing)
 .debug_str     0x0000cb66      0x7ac C:\Users\Drew\Dropbox\School\UNIVERSITY OF WASHINGTON\Homework\Year 3\Fall 2014\Operating Systems\LPC Workspace\FreeRTOS_Library\Debug\libFreeRTOS_Library.a(queue.o)
                               0xb5f0 (size before relaxing)
 .debug_str     0x0000d312     0x1665 C:\Users\Drew\Dropbox\School\UNIVERSITY OF WASHINGTON\Homework\Year 3\Fall 2014\Operating Systems\LPC Workspace\FreeRTOS_Library\Debug\libFreeRTOS_Library.a(tasks.o)
                               0xbe0c (size before relaxing)
 .debug_str     0x0000e977      0x338 C:\Users\Drew\Dropbox\School\UNIVERSITY OF WASHINGTON\Homework\Year 3\Fall 2014\Operating Systems\LPC Workspace\FreeRTOS_Library\Debug\libFreeRTOS_Library.a(heap_2.o)
                               0xa71b (size before relaxing)
 .debug_str     0x0000ecaf       0x47 C:\Users\Drew\Dropbox\School\UNIVERSITY OF WASHINGTON\Homework\Year 3\Fall 2014\Operating Systems\LPC Workspace\FreeRTOS_Library\Debug\libFreeRTOS_Library.a(list.o)
                               0xa0bf (size before relaxing)

.comment        0x00000000       0x70
 .comment       0x00000000       0x70 ./cr_startup_lpc17.o
                                 0x71 (size before relaxing)
 .comment       0x00000000       0x71 ./main.o
 .comment       0x00000000       0x71 C:\Users\Drew\Dropbox\School\UNIVERSITY OF WASHINGTON\Homework\Year 3\Fall 2014\Operating Systems\LPC Workspace\CMSISv1p30_LPC17xx\Debug\libCMSISv1p30_LPC17xx.a(system_LPC17xx.o)
 .comment       0x00000000       0x71 C:\Users\Drew\Dropbox\School\UNIVERSITY OF WASHINGTON\Homework\Year 3\Fall 2014\Operating Systems\LPC Workspace\FreeRTOS_Library\Debug\libFreeRTOS_Library.a(port.o)
 .comment       0x00000000       0x71 C:\Users\Drew\Dropbox\School\UNIVERSITY OF WASHINGTON\Homework\Year 3\Fall 2014\Operating Systems\LPC Workspace\FreeRTOS_Library\Debug\libFreeRTOS_Library.a(queue.o)
 .comment       0x00000000       0x71 C:\Users\Drew\Dropbox\School\UNIVERSITY OF WASHINGTON\Homework\Year 3\Fall 2014\Operating Systems\LPC Workspace\FreeRTOS_Library\Debug\libFreeRTOS_Library.a(tasks.o)
 .comment       0x00000000       0x71 C:\Users\Drew\Dropbox\School\UNIVERSITY OF WASHINGTON\Homework\Year 3\Fall 2014\Operating Systems\LPC Workspace\FreeRTOS_Library\Debug\libFreeRTOS_Library.a(heap_2.o)
 .comment       0x00000000       0x71 C:\Users\Drew\Dropbox\School\UNIVERSITY OF WASHINGTON\Homework\Year 3\Fall 2014\Operating Systems\LPC Workspace\FreeRTOS_Library\Debug\libFreeRTOS_Library.a(list.o)
 .comment       0x00000000       0x71 c:/nxp/lpcxpresso_7.4.0_229/lpcxpresso/tools/bin/../lib/gcc/arm-none-eabi/4.8.4/../../../../arm-none-eabi/lib/armv7-m\libcr_semihost.a(_cr__main.o)
 .comment       0x00000000       0x71 c:/nxp/lpcxpresso_7.4.0_229/lpcxpresso/tools/bin/../lib/gcc/arm-none-eabi/4.8.4/../../../../arm-none-eabi/lib/armv7-m\libcr_c.a(memcpy.o)
 .comment       0x00000000       0x71 c:/nxp/lpcxpresso_7.4.0_229/lpcxpresso/tools/bin/../lib/gcc/arm-none-eabi/4.8.4/../../../../arm-none-eabi/lib/armv7-m\libcr_c.a(memset.o)
 .comment       0x00000000       0x71 c:/nxp/lpcxpresso_7.4.0_229/lpcxpresso/tools/bin/../lib/gcc/arm-none-eabi/4.8.4/../../../../arm-none-eabi/lib/armv7-m\libcr_c.a(fpprintf.o)
 .comment       0x00000000       0x71 c:/nxp/lpcxpresso_7.4.0_229/lpcxpresso/tools/bin/../lib/gcc/arm-none-eabi/4.8.4/../../../../arm-none-eabi/lib/armv7-m\libcr_c.a(initio.o)
 .comment       0x00000000       0x71 c:/nxp/lpcxpresso_7.4.0_229/lpcxpresso/tools/bin/../lib/gcc/arm-none-eabi/4.8.4/../../../../arm-none-eabi/lib/armv7-m\libcr_c.a(memcmp.o)
 .comment       0x00000000       0x71 c:/nxp/lpcxpresso_7.4.0_229/lpcxpresso/tools/bin/../lib/gcc/arm-none-eabi/4.8.4/../../../../arm-none-eabi/lib/armv7-m\libcr_c.a(printf.o)
 .comment       0x00000000       0x71 c:/nxp/lpcxpresso_7.4.0_229/lpcxpresso/tools/bin/../lib/gcc/arm-none-eabi/4.8.4/../../../../arm-none-eabi/lib/armv7-m\libcr_c.a(setvbuf.o)
 .comment       0x00000000       0x71 c:/nxp/lpcxpresso_7.4.0_229/lpcxpresso/tools/bin/../lib/gcc/arm-none-eabi/4.8.4/../../../../arm-none-eabi/lib/armv7-m\libcr_c.a(stdio.o)
 .comment       0x00000000       0x71 c:/nxp/lpcxpresso_7.4.0_229/lpcxpresso/tools/bin/../lib/gcc/arm-none-eabi/4.8.4/../../../../arm-none-eabi/lib/armv7-m\libcr_c.a(strlen.o)
 .comment       0x00000000       0x71 c:/nxp/lpcxpresso_7.4.0_229/lpcxpresso/tools/bin/../lib/gcc/arm-none-eabi/4.8.4/../../../../arm-none-eabi/lib/armv7-m\libcr_c.a(_deferredlazyseek.o)
 .comment       0x00000000       0x71 c:/nxp/lpcxpresso_7.4.0_229/lpcxpresso/tools/bin/../lib/gcc/arm-none-eabi/4.8.4/../../../../arm-none-eabi/lib/armv7-m\libcr_c.a(_fdopen.o)
 .comment       0x00000000       0x71 c:/nxp/lpcxpresso_7.4.0_229/lpcxpresso/tools/bin/../lib/gcc/arm-none-eabi/4.8.4/../../../../arm-none-eabi/lib/armv7-m\libcr_c.a(_fflush.o)
 .comment       0x00000000       0x71 c:/nxp/lpcxpresso_7.4.0_229/lpcxpresso/tools/bin/../lib/gcc/arm-none-eabi/4.8.4/../../../../arm-none-eabi/lib/armv7-m\libcr_c.a(_frexpl.o)
 .comment       0x00000000       0x71 c:/nxp/lpcxpresso_7.4.0_229/lpcxpresso/tools/bin/../lib/gcc/arm-none-eabi/4.8.4/../../../../arm-none-eabi/lib/armv7-m\libcr_c.a(_ldexpl.o)
 .comment       0x00000000       0x71 c:/nxp/lpcxpresso_7.4.0_229/lpcxpresso/tools/bin/../lib/gcc/arm-none-eabi/4.8.4/../../../../arm-none-eabi/lib/armv7-m\libcr_c.a(_writebuf.o)
 .comment       0x00000000       0x71 c:/nxp/lpcxpresso_7.4.0_229/lpcxpresso/tools/bin/../lib/gcc/arm-none-eabi/4.8.4/../../../../arm-none-eabi/lib/armv7-m\libcr_c.a(alloc.o)
 .comment       0x00000000       0x71 c:/nxp/lpcxpresso_7.4.0_229/lpcxpresso/tools/bin/../lib/gcc/arm-none-eabi/4.8.4/../../../../arm-none-eabi/lib/armv7-m\libcr_c.a(errno.o)
 .comment       0x00000000       0x71 c:/nxp/lpcxpresso_7.4.0_229/lpcxpresso/tools/bin/../lib/gcc/arm-none-eabi/4.8.4/../../../../arm-none-eabi/lib/armv7-m\libcr_c.a(fclose.o)
 .comment       0x00000000       0x71 c:/nxp/lpcxpresso_7.4.0_229/lpcxpresso/tools/bin/../lib/gcc/arm-none-eabi/4.8.4/../../../../arm-none-eabi/lib/armv7-m\libcr_c.a(fflush.o)
 .comment       0x00000000       0x71 c:/nxp/lpcxpresso_7.4.0_229/lpcxpresso/tools/bin/../lib/gcc/arm-none-eabi/4.8.4/../../../../arm-none-eabi/lib/armv7-m\libcr_c.a(fseek.o)
 .comment       0x00000000       0x71 c:/nxp/lpcxpresso_7.4.0_229/lpcxpresso/tools/bin/../lib/gcc/arm-none-eabi/4.8.4/../../../../arm-none-eabi/lib/armv7-m\libcr_c.a(ftell.o)
 .comment       0x00000000       0x71 c:/nxp/lpcxpresso_7.4.0_229/lpcxpresso/tools/bin/../lib/gcc/arm-none-eabi/4.8.4/../../../../arm-none-eabi/lib/armv7-m\libcr_c.a(remove.o)
 .comment       0x00000000       0x71 c:/nxp/lpcxpresso_7.4.0_229/lpcxpresso/tools/bin/../lib/gcc/arm-none-eabi/4.8.4/../../../../arm-none-eabi/lib/armv7-m\libcr_c.a(__init_alloc.o)
 .comment       0x00000000       0x71 c:/nxp/lpcxpresso_7.4.0_229/lpcxpresso/tools/bin/../lib/gcc/arm-none-eabi/4.8.4/../../../../arm-none-eabi/lib/armv7-m\libcr_c.a(_cr_sbrk.o)
 .comment       0x00000000       0x71 c:/nxp/lpcxpresso_7.4.0_229/lpcxpresso/tools/bin/../lib/gcc/arm-none-eabi/4.8.4/../../../../arm-none-eabi/lib/armv7-m\libcr_c.a(_do_fflush.o)
 .comment       0x00000000       0x71 c:/nxp/lpcxpresso_7.4.0_229/lpcxpresso/tools/bin/../lib/gcc/arm-none-eabi/4.8.4/../../../../arm-none-eabi/lib/armv7-m\libcr_c.a(_hugeval.o)
 .comment       0x00000000       0x71 c:/nxp/lpcxpresso_7.4.0_229/lpcxpresso/tools/bin/../lib/gcc/arm-none-eabi/4.8.4/../../../../arm-none-eabi/lib/armv7-m\libcr_c.a(_cr_check_heap.o)
 .comment       0x00000000       0x71 c:/nxp/lpcxpresso_7.4.0_229/lpcxpresso/tools/bin/../lib/gcc/arm-none-eabi/4.8.4/armv7-m\libcr_eabihelpers.a(double.o)

.ARM.attributes
                0x00000000       0x31
 .ARM.attributes
                0x00000000       0x33 ./cr_startup_lpc17.o
 .ARM.attributes
                0x00000033       0x33 ./main.o
 .ARM.attributes
                0x00000066       0x33 C:\Users\Drew\Dropbox\School\UNIVERSITY OF WASHINGTON\Homework\Year 3\Fall 2014\Operating Systems\LPC Workspace\CMSISv1p30_LPC17xx\Debug\libCMSISv1p30_LPC17xx.a(system_LPC17xx.o)
 .ARM.attributes
                0x00000099       0x33 C:\Users\Drew\Dropbox\School\UNIVERSITY OF WASHINGTON\Homework\Year 3\Fall 2014\Operating Systems\LPC Workspace\FreeRTOS_Library\Debug\libFreeRTOS_Library.a(port.o)
 .ARM.attributes
                0x000000cc       0x33 C:\Users\Drew\Dropbox\School\UNIVERSITY OF WASHINGTON\Homework\Year 3\Fall 2014\Operating Systems\LPC Workspace\FreeRTOS_Library\Debug\libFreeRTOS_Library.a(queue.o)
 .ARM.attributes
                0x000000ff       0x33 C:\Users\Drew\Dropbox\School\UNIVERSITY OF WASHINGTON\Homework\Year 3\Fall 2014\Operating Systems\LPC Workspace\FreeRTOS_Library\Debug\libFreeRTOS_Library.a(tasks.o)
 .ARM.attributes
                0x00000132       0x33 C:\Users\Drew\Dropbox\School\UNIVERSITY OF WASHINGTON\Homework\Year 3\Fall 2014\Operating Systems\LPC Workspace\FreeRTOS_Library\Debug\libFreeRTOS_Library.a(heap_2.o)
 .ARM.attributes
                0x00000165       0x33 C:\Users\Drew\Dropbox\School\UNIVERSITY OF WASHINGTON\Homework\Year 3\Fall 2014\Operating Systems\LPC Workspace\FreeRTOS_Library\Debug\libFreeRTOS_Library.a(list.o)
 .ARM.attributes
                0x00000198       0x33 c:/nxp/lpcxpresso_7.4.0_229/lpcxpresso/tools/bin/../lib/gcc/arm-none-eabi/4.8.4/../../../../arm-none-eabi/lib/armv7-m\libcr_semihost.a(_cr__main.o)
 .ARM.attributes
                0x000001cb       0x33 c:/nxp/lpcxpresso_7.4.0_229/lpcxpresso/tools/bin/../lib/gcc/arm-none-eabi/4.8.4/../../../../arm-none-eabi/lib/armv7-m\libcr_c.a(memcpy.o)
 .ARM.attributes
                0x000001fe       0x33 c:/nxp/lpcxpresso_7.4.0_229/lpcxpresso/tools/bin/../lib/gcc/arm-none-eabi/4.8.4/../../../../arm-none-eabi/lib/armv7-m\libcr_c.a(memset.o)
 .ARM.attributes
                0x00000231       0x33 c:/nxp/lpcxpresso_7.4.0_229/lpcxpresso/tools/bin/../lib/gcc/arm-none-eabi/4.8.4/../../../../arm-none-eabi/lib/armv7-m\libcr_c.a(fpprintf.o)
 .ARM.attributes
                0x00000264       0x33 c:/nxp/lpcxpresso_7.4.0_229/lpcxpresso/tools/bin/../lib/gcc/arm-none-eabi/4.8.4/../../../../arm-none-eabi/lib/armv7-m\libcr_c.a(initio.o)
 .ARM.attributes
                0x00000297       0x33 c:/nxp/lpcxpresso_7.4.0_229/lpcxpresso/tools/bin/../lib/gcc/arm-none-eabi/4.8.4/../../../../arm-none-eabi/lib/armv7-m\libcr_c.a(memcmp.o)
 .ARM.attributes
                0x000002ca       0x33 c:/nxp/lpcxpresso_7.4.0_229/lpcxpresso/tools/bin/../lib/gcc/arm-none-eabi/4.8.4/../../../../arm-none-eabi/lib/armv7-m\libcr_c.a(printf.o)
 .ARM.attributes
                0x000002fd       0x33 c:/nxp/lpcxpresso_7.4.0_229/lpcxpresso/tools/bin/../lib/gcc/arm-none-eabi/4.8.4/../../../../arm-none-eabi/lib/armv7-m\libcr_c.a(setvbuf.o)
 .ARM.attributes
                0x00000330       0x33 c:/nxp/lpcxpresso_7.4.0_229/lpcxpresso/tools/bin/../lib/gcc/arm-none-eabi/4.8.4/../../../../arm-none-eabi/lib/armv7-m\libcr_c.a(stdio.o)
 .ARM.attributes
                0x00000363       0x33 c:/nxp/lpcxpresso_7.4.0_229/lpcxpresso/tools/bin/../lib/gcc/arm-none-eabi/4.8.4/../../../../arm-none-eabi/lib/armv7-m\libcr_c.a(strlen.o)
 .ARM.attributes
                0x00000396       0x33 c:/nxp/lpcxpresso_7.4.0_229/lpcxpresso/tools/bin/../lib/gcc/arm-none-eabi/4.8.4/../../../../arm-none-eabi/lib/armv7-m\libcr_c.a(_deferredlazyseek.o)
 .ARM.attributes
                0x000003c9       0x33 c:/nxp/lpcxpresso_7.4.0_229/lpcxpresso/tools/bin/../lib/gcc/arm-none-eabi/4.8.4/../../../../arm-none-eabi/lib/armv7-m\libcr_c.a(_fdopen.o)
 .ARM.attributes
                0x000003fc       0x33 c:/nxp/lpcxpresso_7.4.0_229/lpcxpresso/tools/bin/../lib/gcc/arm-none-eabi/4.8.4/../../../../arm-none-eabi/lib/armv7-m\libcr_c.a(_fflush.o)
 .ARM.attributes
                0x0000042f       0x33 c:/nxp/lpcxpresso_7.4.0_229/lpcxpresso/tools/bin/../lib/gcc/arm-none-eabi/4.8.4/../../../../arm-none-eabi/lib/armv7-m\libcr_c.a(_frexpl.o)
 .ARM.attributes
                0x00000462       0x33 c:/nxp/lpcxpresso_7.4.0_229/lpcxpresso/tools/bin/../lib/gcc/arm-none-eabi/4.8.4/../../../../arm-none-eabi/lib/armv7-m\libcr_c.a(_ldexpl.o)
 .ARM.attributes
                0x00000495       0x33 c:/nxp/lpcxpresso_7.4.0_229/lpcxpresso/tools/bin/../lib/gcc/arm-none-eabi/4.8.4/../../../../arm-none-eabi/lib/armv7-m\libcr_c.a(_writebuf.o)
 .ARM.attributes
                0x000004c8       0x33 c:/nxp/lpcxpresso_7.4.0_229/lpcxpresso/tools/bin/../lib/gcc/arm-none-eabi/4.8.4/../../../../arm-none-eabi/lib/armv7-m\libcr_c.a(alloc.o)
 .ARM.attributes
                0x000004fb       0x33 c:/nxp/lpcxpresso_7.4.0_229/lpcxpresso/tools/bin/../lib/gcc/arm-none-eabi/4.8.4/../../../../arm-none-eabi/lib/armv7-m\libcr_c.a(errno.o)
 .ARM.attributes
                0x0000052e       0x33 c:/nxp/lpcxpresso_7.4.0_229/lpcxpresso/tools/bin/../lib/gcc/arm-none-eabi/4.8.4/../../../../arm-none-eabi/lib/armv7-m\libcr_c.a(fclose.o)
 .ARM.attributes
                0x00000561       0x33 c:/nxp/lpcxpresso_7.4.0_229/lpcxpresso/tools/bin/../lib/gcc/arm-none-eabi/4.8.4/../../../../arm-none-eabi/lib/armv7-m\libcr_c.a(fflush.o)
 .ARM.attributes
                0x00000594       0x33 c:/nxp/lpcxpresso_7.4.0_229/lpcxpresso/tools/bin/../lib/gcc/arm-none-eabi/4.8.4/../../../../arm-none-eabi/lib/armv7-m\libcr_c.a(fseek.o)
 .ARM.attributes
                0x000005c7       0x33 c:/nxp/lpcxpresso_7.4.0_229/lpcxpresso/tools/bin/../lib/gcc/arm-none-eabi/4.8.4/../../../../arm-none-eabi/lib/armv7-m\libcr_c.a(ftell.o)
 .ARM.attributes
                0x000005fa       0x33 c:/nxp/lpcxpresso_7.4.0_229/lpcxpresso/tools/bin/../lib/gcc/arm-none-eabi/4.8.4/../../../../arm-none-eabi/lib/armv7-m\libcr_c.a(remove.o)
 .ARM.attributes
                0x0000062d       0x33 c:/nxp/lpcxpresso_7.4.0_229/lpcxpresso/tools/bin/../lib/gcc/arm-none-eabi/4.8.4/../../../../arm-none-eabi/lib/armv7-m\libcr_c.a(__init_alloc.o)
 .ARM.attributes
                0x00000660       0x33 c:/nxp/lpcxpresso_7.4.0_229/lpcxpresso/tools/bin/../lib/gcc/arm-none-eabi/4.8.4/../../../../arm-none-eabi/lib/armv7-m\libcr_c.a(_cr_sbrk.o)
 .ARM.attributes
                0x00000693       0x33 c:/nxp/lpcxpresso_7.4.0_229/lpcxpresso/tools/bin/../lib/gcc/arm-none-eabi/4.8.4/../../../../arm-none-eabi/lib/armv7-m\libcr_c.a(_do_fflush.o)
 .ARM.attributes
                0x000006c6       0x33 c:/nxp/lpcxpresso_7.4.0_229/lpcxpresso/tools/bin/../lib/gcc/arm-none-eabi/4.8.4/../../../../arm-none-eabi/lib/armv7-m\libcr_c.a(_hugeval.o)
 .ARM.attributes
                0x000006f9       0x33 c:/nxp/lpcxpresso_7.4.0_229/lpcxpresso/tools/bin/../lib/gcc/arm-none-eabi/4.8.4/../../../../arm-none-eabi/lib/armv7-m\libcr_c.a(_cr_check_heap.o)
 .ARM.attributes
                0x0000072c       0x33 c:/nxp/lpcxpresso_7.4.0_229/lpcxpresso/tools/bin/../lib/gcc/arm-none-eabi/4.8.4/armv7-m\libcr_eabihelpers.a(double.o)
 .ARM.attributes
                0x0000075f       0x21 c:/nxp/lpcxpresso_7.4.0_229/lpcxpresso/tools/bin/../lib/gcc/arm-none-eabi/4.8.4/armv7-m\libcr_eabihelpers.a(memcpy.o)
 .ARM.attributes
                0x00000780       0x21 c:/nxp/lpcxpresso_7.4.0_229/lpcxpresso/tools/bin/../lib/gcc/arm-none-eabi/4.8.4/../../../../arm-none-eabi/lib/armv7-m\libcr_semihost.a(__sys_appexit.o)
 .ARM.attributes
                0x000007a1       0x21 c:/nxp/lpcxpresso_7.4.0_229/lpcxpresso/tools/bin/../lib/gcc/arm-none-eabi/4.8.4/../../../../arm-none-eabi/lib/armv7-m\libcr_semihost.a(__sys_close.o)
 .ARM.attributes
                0x000007c2       0x21 c:/nxp/lpcxpresso_7.4.0_229/lpcxpresso/tools/bin/../lib/gcc/arm-none-eabi/4.8.4/../../../../arm-none-eabi/lib/armv7-m\libcr_semihost.a(__sys_flen.o)
 .ARM.attributes
                0x000007e3       0x21 c:/nxp/lpcxpresso_7.4.0_229/lpcxpresso/tools/bin/../lib/gcc/arm-none-eabi/4.8.4/../../../../arm-none-eabi/lib/armv7-m\libcr_semihost.a(__sys_istty.o)
 .ARM.attributes
                0x00000804       0x21 c:/nxp/lpcxpresso_7.4.0_229/lpcxpresso/tools/bin/../lib/gcc/arm-none-eabi/4.8.4/../../../../arm-none-eabi/lib/armv7-m\libcr_semihost.a(__sys_remove.o)
 .ARM.attributes
                0x00000825       0x21 c:/nxp/lpcxpresso_7.4.0_229/lpcxpresso/tools/bin/../lib/gcc/arm-none-eabi/4.8.4/../../../../arm-none-eabi/lib/armv7-m\libcr_semihost.a(__sys_seek.o)
 .ARM.attributes
                0x00000846       0x21 c:/nxp/lpcxpresso_7.4.0_229/lpcxpresso/tools/bin/../lib/gcc/arm-none-eabi/4.8.4/../../../../arm-none-eabi/lib/armv7-m\libcr_semihost.a(__sys_tmpnam.o)
 .ARM.attributes
                0x00000867       0x21 c:/nxp/lpcxpresso_7.4.0_229/lpcxpresso/tools/bin/../lib/gcc/arm-none-eabi/4.8.4/../../../../arm-none-eabi/lib/armv7-m\libcr_semihost.a(__sys_write.o)

.debug_frame    0x00000000      0x994
 .debug_frame   0x00000000       0xc8 ./cr_startup_lpc17.o
 .debug_frame   0x000000c8      0x124 ./main.o
 .debug_frame   0x000001ec       0x3c C:\Users\Drew\Dropbox\School\UNIVERSITY OF WASHINGTON\Homework\Year 3\Fall 2014\Operating Systems\LPC Workspace\CMSISv1p30_LPC17xx\Debug\libCMSISv1p30_LPC17xx.a(system_LPC17xx.o)
 .debug_frame   0x00000228      0x138 C:\Users\Drew\Dropbox\School\UNIVERSITY OF WASHINGTON\Homework\Year 3\Fall 2014\Operating Systems\LPC Workspace\FreeRTOS_Library\Debug\libFreeRTOS_Library.a(port.o)
 .debug_frame   0x00000360      0x210 C:\Users\Drew\Dropbox\School\UNIVERSITY OF WASHINGTON\Homework\Year 3\Fall 2014\Operating Systems\LPC Workspace\FreeRTOS_Library\Debug\libFreeRTOS_Library.a(queue.o)
 .debug_frame   0x00000570      0x354 C:\Users\Drew\Dropbox\School\UNIVERSITY OF WASHINGTON\Homework\Year 3\Fall 2014\Operating Systems\LPC Workspace\FreeRTOS_Library\Debug\libFreeRTOS_Library.a(tasks.o)
 .debug_frame   0x000008c4       0x68 C:\Users\Drew\Dropbox\School\UNIVERSITY OF WASHINGTON\Homework\Year 3\Fall 2014\Operating Systems\LPC Workspace\FreeRTOS_Library\Debug\libFreeRTOS_Library.a(heap_2.o)
 .debug_frame   0x0000092c       0x68 C:\Users\Drew\Dropbox\School\UNIVERSITY OF WASHINGTON\Homework\Year 3\Fall 2014\Operating Systems\LPC Workspace\FreeRTOS_Library\Debug\libFreeRTOS_Library.a(list.o)
